Archive member included to satisfy reference by file (symbol)

c:/users/carlos/.arduinocdt/packages/arduino/tools/avr-gcc/4.9.2-atmel3.5.4-arduino2/bin/../lib/gcc/avr/4.9.2/avr5\libgcc.a(_exit.o)
                              c:/users/carlos/.arduinocdt/packages/arduino/tools/avr-gcc/4.9.2-atmel3.5.4-arduino2/bin/../lib/gcc/avr/4.9.2/../../../../avr/lib/avr5/crtatmega328p.o (exit)
c:/users/carlos/.arduinocdt/packages/arduino/tools/avr-gcc/4.9.2-atmel3.5.4-arduino2/bin/../lib/gcc/avr/4.9.2/../../../../avr/lib/avr5\libc.a(dtostrf.o)
                              CMakeFiles\alc-ATMEGA328P.elf.dir\Source\LCD\WString.cpp.obj (symbol from plugin) (dtostrf)
c:/users/carlos/.arduinocdt/packages/arduino/tools/avr-gcc/4.9.2-atmel3.5.4-arduino2/bin/../lib/gcc/avr/4.9.2/../../../../avr/lib/avr5\libc.a(atof.o)
                              CMakeFiles\alc-ATMEGA328P.elf.dir\Source\LCD\WString.cpp.obj (symbol from plugin) (atof)
c:/users/carlos/.arduinocdt/packages/arduino/tools/avr-gcc/4.9.2-atmel3.5.4-arduino2/bin/../lib/gcc/avr/4.9.2/../../../../avr/lib/avr5\libc.a(atol.o)
                              CMakeFiles\alc-ATMEGA328P.elf.dir\Source\LCD\WString.cpp.obj (symbol from plugin) (atol)
c:/users/carlos/.arduinocdt/packages/arduino/tools/avr-gcc/4.9.2-atmel3.5.4-arduino2/bin/../lib/gcc/avr/4.9.2/../../../../avr/lib/avr5\libc.a(strcpy_P.o)
                              CMakeFiles\alc-ATMEGA328P.elf.dir\Source\LCD\WString.cpp.obj (symbol from plugin) (strcpy_P)
c:/users/carlos/.arduinocdt/packages/arduino/tools/avr-gcc/4.9.2-atmel3.5.4-arduino2/bin/../lib/gcc/avr/4.9.2/../../../../avr/lib/avr5\libc.a(strlen_P.o)
                              CMakeFiles\alc-ATMEGA328P.elf.dir\Source\LCD\WString.cpp.obj (symbol from plugin) (__strlen_P)
c:/users/carlos/.arduinocdt/packages/arduino/tools/avr-gcc/4.9.2-atmel3.5.4-arduino2/bin/../lib/gcc/avr/4.9.2/../../../../avr/lib/avr5\libc.a(itoa.o)
                              CMakeFiles\alc-ATMEGA328P.elf.dir\Source\LCD\WString.cpp.obj (symbol from plugin) (__itoa)
c:/users/carlos/.arduinocdt/packages/arduino/tools/avr-gcc/4.9.2-atmel3.5.4-arduino2/bin/../lib/gcc/avr/4.9.2/../../../../avr/lib/avr5\libc.a(itoa_ncheck.o)
                              c:/users/carlos/.arduinocdt/packages/arduino/tools/avr-gcc/4.9.2-atmel3.5.4-arduino2/bin/../lib/gcc/avr/4.9.2/../../../../avr/lib/avr5\libc.a(itoa.o) (__itoa_ncheck)
c:/users/carlos/.arduinocdt/packages/arduino/tools/avr-gcc/4.9.2-atmel3.5.4-arduino2/bin/../lib/gcc/avr/4.9.2/../../../../avr/lib/avr5\libc.a(ltoa.o)
                              CMakeFiles\alc-ATMEGA328P.elf.dir\Source\LCD\WString.cpp.obj (symbol from plugin) (__ltoa)
c:/users/carlos/.arduinocdt/packages/arduino/tools/avr-gcc/4.9.2-atmel3.5.4-arduino2/bin/../lib/gcc/avr/4.9.2/../../../../avr/lib/avr5\libc.a(ltoa_ncheck.o)
                              c:/users/carlos/.arduinocdt/packages/arduino/tools/avr-gcc/4.9.2-atmel3.5.4-arduino2/bin/../lib/gcc/avr/4.9.2/../../../../avr/lib/avr5\libc.a(ltoa.o) (__ltoa_ncheck)
c:/users/carlos/.arduinocdt/packages/arduino/tools/avr-gcc/4.9.2-atmel3.5.4-arduino2/bin/../lib/gcc/avr/4.9.2/../../../../avr/lib/avr5\libc.a(mulsi10.o)
                              c:/users/carlos/.arduinocdt/packages/arduino/tools/avr-gcc/4.9.2-atmel3.5.4-arduino2/bin/../lib/gcc/avr/4.9.2/../../../../avr/lib/avr5\libc.a(atol.o) (__mulsi_const_10)
c:/users/carlos/.arduinocdt/packages/arduino/tools/avr-gcc/4.9.2-atmel3.5.4-arduino2/bin/../lib/gcc/avr/4.9.2/../../../../avr/lib/avr5\libc.a(ultoa.o)
                              CMakeFiles\alc-ATMEGA328P.elf.dir\Source\LCD\WString.cpp.obj (symbol from plugin) (__ultoa)
c:/users/carlos/.arduinocdt/packages/arduino/tools/avr-gcc/4.9.2-atmel3.5.4-arduino2/bin/../lib/gcc/avr/4.9.2/../../../../avr/lib/avr5\libc.a(ultoa_ncheck.o)
                              c:/users/carlos/.arduinocdt/packages/arduino/tools/avr-gcc/4.9.2-atmel3.5.4-arduino2/bin/../lib/gcc/avr/4.9.2/../../../../avr/lib/avr5\libc.a(ultoa.o) (__ultoa_ncheck)
c:/users/carlos/.arduinocdt/packages/arduino/tools/avr-gcc/4.9.2-atmel3.5.4-arduino2/bin/../lib/gcc/avr/4.9.2/../../../../avr/lib/avr5\libc.a(utoa.o)
                              CMakeFiles\alc-ATMEGA328P.elf.dir\Source\LCD\WString.cpp.obj (symbol from plugin) (__utoa)
c:/users/carlos/.arduinocdt/packages/arduino/tools/avr-gcc/4.9.2-atmel3.5.4-arduino2/bin/../lib/gcc/avr/4.9.2/../../../../avr/lib/avr5\libc.a(utoa_ncheck.o)
                              c:/users/carlos/.arduinocdt/packages/arduino/tools/avr-gcc/4.9.2-atmel3.5.4-arduino2/bin/../lib/gcc/avr/4.9.2/../../../../avr/lib/avr5\libc.a(utoa.o) (__utoa_ncheck)
c:/users/carlos/.arduinocdt/packages/arduino/tools/avr-gcc/4.9.2-atmel3.5.4-arduino2/bin/../lib/gcc/avr/4.9.2/../../../../avr/lib/avr5\libc.a(dtoa_prf.o)
                              c:/users/carlos/.arduinocdt/packages/arduino/tools/avr-gcc/4.9.2-atmel3.5.4-arduino2/bin/../lib/gcc/avr/4.9.2/../../../../avr/lib/avr5\libc.a(dtostrf.o) (dtoa_prf)
[...]
Memory Configuration

Name             Origin             Length             Attributes
text             0x00000000         0x00020000         xr
data             0x00800060         0x0000ffa0         rw !x
eeprom           0x00810000         0x00010000         rw !x
fuse             0x00820000         0x00000003         rw !x
lock             0x00830000         0x00000400         rw !x
signature        0x00840000         0x00000400         rw !x
user_signatures  0x00850000         0x00000400         rw !x
*default*        0x00000000         0xffffffff

Linker script and memory map

Address of section .data set to 0x800100
LOAD c:/users/carlos/.arduinocdt/packages/arduino/tools/avr-gcc/4.9.2-atmel3.5.4-arduino2/bin/../lib/gcc/avr/4.9.2/../../../../avr/lib/avr5/crtatmega328p.o
LOAD CMakeFiles\alc-ATMEGA328P.elf.dir\Source\main.cpp.obj
LOAD C:\Users\carlos\AppData\Local\Temp\ccfnd4Xb.ltrans0.ltrans.o
LOAD C:\Users\carlos\AppData\Local\Temp\ccfnd4Xb.ltrans1.ltrans.o
LOAD CMakeFiles\alc-ATMEGA328P.elf.dir\Source\LCD\LCD.cpp.obj
LOAD CMakeFiles\alc-ATMEGA328P.elf.dir\Source\GPIO\GPIO.cpp.obj
LOAD CMakeFiles\alc-ATMEGA328P.elf.dir\Source\GPIO\FastPWMPin.cpp.obj
LOAD CMakeFiles\alc-ATMEGA328P.elf.dir\Source\GPIO\AnalogPin.cpp.obj
LOAD CMakeFiles\alc-ATMEGA328P.elf.dir\Source\LCD\WString.cpp.obj
LOAD CMakeFiles\alc-ATMEGA328P.elf.dir\Source\LCD\Print.cpp.obj
LOAD CMakeFiles\alc-ATMEGA328P.elf.dir\Source\Menu\Menu.cpp.obj
LOAD CMakeFiles\alc-ATMEGA328P.elf.dir\Source\Menu\ApplicationMenu.cpp.obj
LOAD CMakeFiles\alc-ATMEGA328P.elf.dir\Source\Menu\SelectionMenu.cpp.obj
LOAD CMakeFiles\alc-ATMEGA328P.elf.dir\Source\USER_IO\RotaryEncoder.cpp.obj
LOAD CMakeFiles\alc-ATMEGA328P.elf.dir\Source\USER_IO\Button.cpp.obj
LOAD CMakeFiles\alc-ATMEGA328P.elf.dir\Source\PID\PID_v1.cpp.obj
LOAD CMakeFiles\alc-ATMEGA328P.elf.dir\Source\AVRTools\SystemClock.cpp.obj
LOAD CMakeFiles\alc-ATMEGA328P.elf.dir\Source\Menu\MenuView.cpp.obj
LOAD CMakeFiles\alc-ATMEGA328P.elf.dir\Source\Menu\MenuController.cpp.obj
LOAD CMakeFiles\alc-ATMEGA328P.elf.dir\Source\Menu\MenuModel.cpp.obj
LOAD c:/users/carlos/.arduinocdt/packages/arduino/tools/avr-gcc/4.9.2-atmel3.5.4-arduino2/bin/../lib/gcc/avr/4.9.2/avr5\libgcc.a
LOAD c:/users/carlos/.arduinocdt/packages/arduino/tools/avr-gcc/4.9.2-atmel3.5.4-arduino2/bin/../lib/gcc/avr/4.9.2/../../../../avr/lib/avr5\libm.a
START GROUP
LOAD c:/users/carlos/.arduinocdt/packages/arduino/tools/avr-gcc/4.9.2-atmel3.5.4-arduino2/bin/../lib/gcc/avr/4.9.2/avr5\libgcc.a
LOAD c:/users/carlos/.arduinocdt/packages/arduino/tools/avr-gcc/4.9.2-atmel3.5.4-arduino2/bin/../lib/gcc/avr/4.9.2/../../../../avr/lib/avr5\libm.a
LOAD c:/users/carlos/.arduinocdt/packages/arduino/tools/avr-gcc/4.9.2-atmel3.5.4-arduino2/bin/../lib/gcc/avr/4.9.2/../../../../avr/lib/avr5\libc.a
LOAD c:/users/carlos/.arduinocdt/packages/arduino/tools/avr-gcc/4.9.2-atmel3.5.4-arduino2/bin/../lib/gcc/avr/4.9.2/../../../../avr/lib/avr5\libatmega328p.a
END GROUP
                0x00020000                __TEXT_REGION_LENGTH__ = DEFINED (__TEXT_REGION_LENGTH__)?__TEXT_REGION_LENGTH__:0x20000
                0x0000ffa0                __DATA_REGION_LENGTH__ = DEFINED (__DATA_REGION_LENGTH__)?__DATA_REGION_LENGTH__:0xffa0
                0x00010000                __EEPROM_REGION_LENGTH__ = DEFINED (__EEPROM_REGION_LENGTH__)?__EEPROM_REGION_LENGTH__:0x10000
                [0x00000003]                __FUSE_REGION_LENGTH__ = DEFINED (__FUSE_REGION_LENGTH__)?__FUSE_REGION_LENGTH__:0x400
                0x00000400                __LOCK_REGION_LENGTH__ = DEFINED (__LOCK_REGION_LENGTH__)?__LOCK_REGION_LENGTH__:0x400
                0x00000400                __SIGNATURE_REGION_LENGTH__ = DEFINED (__SIGNATURE_REGION_LENGTH__)?__SIGNATURE_REGION_LENGTH__:0x400
                0x00000400                __USER_SIGNATURE_REGION_LENGTH__ = DEFINED (__USER_SIGNATURE_REGION_LENGTH__)?__USER_SIGNATURE_REGION_LENGTH__:0x400

.hash
 *(.hash)

.dynsym
 *(.dynsym)

.dynstr
 *(.dynstr)

.gnu.version
 *(.gnu.version)

.gnu.version_d
 *(.gnu.version_d)

.gnu.version_r
 *(.gnu.version_r)

.rel.init
 *(.rel.init)

.rela.init
 *(.rela.init)

.rel.text
 *(.rel.text)
 *(.rel.text.*)
 *(.rel.gnu.linkonce.t*)

.rela.text
 *(.rela.text)
 *(.rela.text.*)
 *(.rela.gnu.linkonce.t*)

.rel.fini
 *(.rel.fini)

.rela.fini
 *(.rela.fini)

.rel.rodata
 *(.rel.rodata)
 *(.rel.rodata.*)
 *(.rel.gnu.linkonce.r*)

.rela.rodata
 *(.rela.rodata)
 *(.rela.rodata.*)
 *(.rela.gnu.linkonce.r*)

.rel.data
 *(.rel.data)
 *(.rel.data.*)
 *(.rel.gnu.linkonce.d*)

.rela.data
 *(.rela.data)
 *(.rela.data.*)
 *(.rela.gnu.linkonce.d*)

.rel.ctors
 *(.rel.ctors)

.rela.ctors
 *(.rela.ctors)

.rel.dtors
 *(.rel.dtors)

.rela.dtors
 *(.rela.dtors)

.rel.got
 *(.rel.got)

.rela.got
 *(.rela.got)

.rel.bss
 *(.rel.bss)

.rela.bss
 *(.rela.bss)

.rel.plt
 *(.rel.plt)

.rela.plt
 *(.rela.plt)

.text           0x00000000     0x1fe8
 *(.vectors)
 .vectors       0x00000000       0x68 c:/users/carlos/.arduinocdt/packages/arduino/tools/avr-gcc/4.9.2-atmel3.5.4-arduino2/bin/../lib/gcc/avr/4.9.2/../../../../avr/lib/avr5/crtatmega328p.o
                0x00000000                __vector_default
                0x00000000                __vectors
 *(.vectors)
 *(.progmem.gcc*)
                0x00000068                . = ALIGN (0x2)
                0x00000068                __trampolines_start = .
 *(.trampolines)
 .trampolines   0x00000068        0x0 linker stubs
 *(.trampolines*)
                0x00000068                __trampolines_end = .
 *libprintf_flt.a:*(.progmem.data)
 *libc.a:*(.progmem.data)
 *(.progmem*)
                0x00000068                . = ALIGN (0x2)
 *(.jumptables)
 *(.jumptables*)
 *(.lowtext)
 *(.lowtext*)
                0x00000068                __ctors_start = .
 *(.ctors)
 .ctors         0x00000068        0x2 C:\Users\carlos\AppData\Local\Temp\ccfnd4Xb.ltrans1.ltrans.o
                0x0000006a                __ctors_end = .
                0x0000006a                __dtors_start = .
 *(.dtors)
 .dtors         0x0000006a        0x2 C:\Users\carlos\AppData\Local\Temp\ccfnd4Xb.ltrans1.ltrans.o
                0x0000006c                __dtors_end = .
 SORT(*)(.ctors)
 SORT(*)(.dtors)
 *(.init0)
 .init0         0x0000006c        0x0 c:/users/carlos/.arduinocdt/packages/arduino/tools/avr-gcc/4.9.2-atmel3.5.4-arduino2/bin/../lib/gcc/avr/4.9.2/../../../../avr/lib/avr5/crtatmega328p.o
                0x0000006c                __init
 *(.init0)
 *(.init1)
 *(.init1)
 *(.init2)
 .init2         0x0000006c        0xc c:/users/carlos/.arduinocdt/packages/arduino/tools/avr-gcc/4.9.2-atmel3.5.4-arduino2/bin/../lib/gcc/avr/4.9.2/../../../../avr/lib/avr5/crtatmega328p.o
 *(.init2)
 *(.init3)
 *(.init3)
 *(.init4)
 .init4         0x00000078       0x10 c:/users/carlos/.arduinocdt/packages/arduino/tools/avr-gcc/4.9.2-atmel3.5.4-arduino2/bin/../lib/gcc/avr/4.9.2/avr5\libgcc.a(_clear_bss.o)
                0x00000078                __do_clear_bss
 .init4         0x00000088       0x16 c:/users/carlos/.arduinocdt/packages/arduino/tools/avr-gcc/4.9.2-atmel3.5.4-arduino2/bin/../lib/gcc/avr/4.9.2/avr5\libgcc.a(_copy_data.o)
                0x00000088                __do_copy_data
 *(.init4)
 *(.init5)
 *(.init5)
 *(.init6)
 .init6         0x0000009e       0x16 c:/users/carlos/.arduinocdt/packages/arduino/tools/avr-gcc/4.9.2-atmel3.5.4-arduino2/bin/../lib/gcc/avr/4.9.2/avr5\libgcc.a(_ctors.o)
                0x0000009e                __do_global_ctors
 *(.init6)
 *(.init7)
 *(.init7)
 *(.init8)
 *(.init8)
 *(.init9)
 .init9         0x000000b4        0x6 c:/users/carlos/.arduinocdt/packages/arduino/tools/avr-gcc/4.9.2-atmel3.5.4-arduino2/bin/../lib/gcc/avr/4.9.2/../../../../avr/lib/avr5/crtatmega328p.o
 *(.init9)
 *(.text)
 .text          0x000000ba        0x2 c:/users/carlos/.arduinocdt/packages/arduino/tools/avr-gcc/4.9.2-atmel3.5.4-arduino2/bin/../lib/gcc/avr/4.9.2/../../../../avr/lib/avr5/crtatmega328p.o
                0x000000ba                __vector_22
                0x000000ba                __vector_1
                0x000000ba                __vector_24
                0x000000ba                __vector_12
                0x000000ba                __bad_interrupt
                0x000000ba                __vector_6
                0x000000ba                __vector_23
                0x000000ba                __vector_25
                0x000000ba                __vector_11
                0x000000ba                __vector_13
                0x000000ba                __vector_17
                0x000000ba                __vector_19
                0x000000ba                __vector_7
                0x000000ba                __vector_4
                0x000000ba                __vector_9
                0x000000ba                __vector_2
                0x000000ba                __vector_21
                0x000000ba                __vector_15
                0x000000ba                __vector_8
                0x000000ba                __vector_14
                0x000000ba                __vector_10
                0x000000ba                __vector_18
                0x000000ba                __vector_20
 .text          0x000000bc      0x9dc C:\Users\carlos\AppData\Local\Temp\ccfnd4Xb.ltrans1.ltrans.o
                0x000000e6                _ZN5Print5writeEPKhj
                0x00000468                __vector_5
                0x000004e0                __vector_16
                0x00000574                __vector_3
                0x00000606                _ZN3Pin23setInterruptOnPinChangeEv
                0x0000068c                _ZN3Pin12setOutputLowEv
                0x000006e8                _ZN3Pin18setAsInputPulledUpEv
                0x00000744                _ZN3Pin9setOutputEb
                0x00000850                _ZN13LiquidCrystal10write4bitsEh
                0x000008b6                _ZN13LiquidCrystal5writeEh
                0x000008c0                _ZN13LiquidCrystal7commandEh
                0x000008c4                _ZN13LiquidCrystal9setCursorEhh
                0x0000091e                _ZN13LiquidCrystal5clearEv
                0x00000930                _ZN13SelectionMenu13refreshScreenEv
                0x000009b2                _ZN15ApplicationMenu13refreshScreenEv
                0x00000a98                . = ALIGN (0x2)
 *(.text.*)
 .text.startup  0x00000a98      0xb62 C:\Users\carlos\AppData\Local\Temp\ccfnd4Xb.ltrans0.ltrans.o
                0x00000a98                main
 .text.exit     0x000015fa       0x2c C:\Users\carlos\AppData\Local\Temp\ccfnd4Xb.ltrans1.ltrans.o
 .text.startup  0x00001626       0x8a C:\Users\carlos\AppData\Local\Temp\ccfnd4Xb.ltrans1.ltrans.o
 .text.avr-libc
                0x000016b0       0x32 c:/users/carlos/.arduinocdt/packages/arduino/tools/avr-gcc/4.9.2-atmel3.5.4-arduino2/bin/../lib/gcc/avr/4.9.2/../../../../avr/lib/avr5\libc.a(utoa_ncheck.o)
                0x000016b0                __utoa_ncheck
                0x000016b2                __utoa_common
 .text.avr-libc
                0x000016e2       0x20 c:/users/carlos/.arduinocdt/packages/arduino/tools/avr-gcc/4.9.2-atmel3.5.4-arduino2/bin/../lib/gcc/avr/4.9.2/../../../../avr/lib/avr5\libc.a(strrev.o)
                0x000016e2                strrev
 .text.avr-libc.fplib
                0x00001702        0x8 c:/users/carlos/.arduinocdt/packages/arduino/tools/avr-gcc/4.9.2-atmel3.5.4-arduino2/bin/../lib/gcc/avr/4.9.2/../../../../avr/lib/avr5\libc.a(cmpsf2.o)
                0x00001702                __nesf2
                0x00001702                __eqsf2
                0x00001702                __cmpsf2
                0x00001702                __ltsf2
                0x00001702                __lesf2
 .text.avr-libc.fplib
                0x0000170a       0x7a c:/users/carlos/.arduinocdt/packages/arduino/tools/avr-gcc/4.9.2-atmel3.5.4-arduino2/bin/../lib/gcc/avr/4.9.2/../../../../avr/lib/avr5\libc.a(floatsisf.o)
                0x0000170a                __floatunsisf
                0x0000170e                __floatsisf
 .text.avr-libc.fplib
                0x00001784       0x48 c:/users/carlos/.arduinocdt/packages/arduino/tools/avr-gcc/4.9.2-atmel3.5.4-arduino2/bin/../lib/gcc/avr/4.9.2/../../../../avr/lib/avr5\libc.a(fp_cmp.o)
                0x00001784                __fp_cmp
 .text.avr-libc.fplib
                0x000017cc        0x4 c:/users/carlos/.arduinocdt/packages/arduino/tools/avr-gcc/4.9.2-atmel3.5.4-arduino2/bin/../lib/gcc/avr/4.9.2/../../../../avr/lib/avr5\libc.a(mulsf3.o)
                0x000017cc                __mulsf3
 .text.avr-libc.fplib
                0x000017d0       0xc2 c:/users/carlos/.arduinocdt/packages/arduino/tools/avr-gcc/4.9.2-atmel3.5.4-arduino2/bin/../lib/gcc/avr/4.9.2/../../../../avr/lib/avr5\libc.a(mulsf3x.o)
                0x000017e4                __mulsf3x
                0x000017e8                __mulsf3_pse
 .text.avr-libc.fplib
                0x00001892        0xc c:/users/carlos/.arduinocdt/packages/arduino/tools/avr-gcc/4.9.2-atmel3.5.4-arduino2/bin/../lib/gcc/avr/4.9.2/../../../../avr/lib/avr5\libc.a(fp_inf.o)
                0x00001892                __fp_inf
 .text.avr-libc.fplib
                0x0000189e        0x6 c:/users/carlos/.arduinocdt/packages/arduino/tools/avr-gcc/4.9.2-atmel3.5.4-arduino2/bin/../lib/gcc/avr/4.9.2/../../../../avr/lib/avr5\libc.a(fp_nan.o)
                0x0000189e                __fp_nan
 .text.avr-libc.fplib
                0x000018a4        0xe c:/users/carlos/.arduinocdt/packages/arduino/tools/avr-gcc/4.9.2-atmel3.5.4-arduino2/bin/../lib/gcc/avr/4.9.2/../../../../avr/lib/avr5\libc.a(fp_pscA.o)
                0x000018a4                __fp_pscA
 .text.avr-libc.fplib
                0x000018b2        0xe c:/users/carlos/.arduinocdt/packages/arduino/tools/avr-gcc/4.9.2-atmel3.5.4-arduino2/bin/../lib/gcc/avr/4.9.2/../../../../avr/lib/avr5\libc.a(fp_pscB.o)
                0x000018b2                __fp_pscB
 .text.avr-libc.fplib
                0x000018c0       0x22 c:/users/carlos/.arduinocdt/packages/arduino/tools/avr-gcc/4.9.2-atmel3.5.4-arduino2/bin/../lib/gcc/avr/4.9.2/../../../../avr/lib/avr5\libc.a(fp_round.o)
                0x000018c0                __fp_round
 .text.avr-libc.fplib
                0x000018e2       0x44 c:/users/carlos/.arduinocdt/packages/arduino/tools/avr-gcc/4.9.2-atmel3.5.4-arduino2/bin/../lib/gcc/avr/4.9.2/../../../../avr/lib/avr5\libc.a(fp_split3.o)
                0x000018e2                __fp_split3
                0x000018f2                __fp_splitA
 .text.avr-libc.fplib
                0x00001926        0xe c:/users/carlos/.arduinocdt/packages/arduino/tools/avr-gcc/4.9.2-atmel3.5.4-arduino2/bin/../lib/gcc/avr/4.9.2/../../../../avr/lib/avr5\libc.a(fp_zero.o)
                0x00001926                __fp_zero
                0x00001928                __fp_szero
 .text.libgcc.prologue
                0x00001934       0x38 c:/users/carlos/.arduinocdt/packages/arduino/tools/avr-gcc/4.9.2-atmel3.5.4-arduino2/bin/../lib/gcc/avr/4.9.2/avr5\libgcc.a(_prologue.o)
                0x00001934                __prologue_saves__
 .text.libgcc.prologue
                0x0000196c       0x36 c:/users/carlos/.arduinocdt/packages/arduino/tools/avr-gcc/4.9.2-atmel3.5.4-arduino2/bin/../lib/gcc/avr/4.9.2/avr5\libgcc.a(_epilogue.o)
                0x0000196c                __epilogue_restores__
 .text.libgcc.div
                0x000019a2       0x28 c:/users/carlos/.arduinocdt/packages/arduino/tools/avr-gcc/4.9.2-atmel3.5.4-arduino2/bin/../lib/gcc/avr/4.9.2/avr5\libgcc.a(_udivmodhi4.o)
                0x000019a2                __udivmodhi4
 .text.libgcc   0x000019ca        0xc c:/users/carlos/.arduinocdt/packages/arduino/tools/avr-gcc/4.9.2-atmel3.5.4-arduino2/bin/../lib/gcc/avr/4.9.2/avr5\libgcc.a(_tablejump2.o)
                0x000019ca                __tablejump2__
 .text.avr-libc.fplib
                0x000019d6        0xa c:/users/carlos/.arduinocdt/packages/arduino/tools/avr-gcc/4.9.2-atmel3.5.4-arduino2/bin/../lib/gcc/avr/4.9.2/../../../../avr/lib/avr5\libm.a(addsf3.o)
                0x000019d6                __subsf3
                0x000019d8                __addsf3
 .text.avr-libc.fplib
                0x000019e0       0xc0 c:/users/carlos/.arduinocdt/packages/arduino/tools/avr-gcc/4.9.2-atmel3.5.4-arduino2/bin/../lib/gcc/avr/4.9.2/../../../../avr/lib/avr5\libm.a(addsf3x.o)
                0x000019fa                __addsf3x
 .text.avr-libc.fplib
                0x00001aa0        0x4 c:/users/carlos/.arduinocdt/packages/arduino/tools/avr-gcc/4.9.2-atmel3.5.4-arduino2/bin/../lib/gcc/avr/4.9.2/../../../../avr/lib/avr5\libm.a(divsf3.o)
                0x00001aa0                __divsf3
 .text.avr-libc.fplib
                0x00001aa4       0xcc c:/users/carlos/.arduinocdt/packages/arduino/tools/avr-gcc/4.9.2-atmel3.5.4-arduino2/bin/../lib/gcc/avr/4.9.2/../../../../avr/lib/avr5\libm.a(divsf3x.o)
                0x00001aba                __divsf3x
                0x00001abe                __divsf3_pse
 .text.avr-libc.fplib
                0x00001b70       0x58 c:/users/carlos/.arduinocdt/packages/arduino/tools/avr-gcc/4.9.2-atmel3.5.4-arduino2/bin/../lib/gcc/avr/4.9.2/../../../../avr/lib/avr5\libm.a(fixunssfsi.o)
                0x00001b70                __fixunssfsi
 .text.avr-libc.fplib
                0x00001bc8        0x8 c:/users/carlos/.arduinocdt/packages/arduino/tools/avr-gcc/4.9.2-atmel3.5.4-arduino2/bin/../lib/gcc/avr/4.9.2/../../../../avr/lib/avr5\libm.a(gesf2.o)
                0x00001bc8                __gesf2
                0x00001bc8                __gtsf2
 .text.avr-libc
                0x00001bd0      0x25a c:/users/carlos/.arduinocdt/packages/arduino/tools/avr-gcc/4.9.2-atmel3.5.4-arduino2/bin/../lib/gcc/avr/4.9.2/../../../../avr/lib/avr5\libc.a(malloc.o)
                0x00001bd0                malloc
                0x00001cfa                free
 .text.avr-libc
                0x00001e2a      0x186 c:/users/carlos/.arduinocdt/packages/arduino/tools/avr-gcc/4.9.2-atmel3.5.4-arduino2/bin/../lib/gcc/avr/4.9.2/../../../../avr/lib/avr5\libc.a(realloc.o)
                0x00001e2a                realloc
 .text.avr-libc
                0x00001fb0       0x12 c:/users/carlos/.arduinocdt/packages/arduino/tools/avr-gcc/4.9.2-atmel3.5.4-arduino2/bin/../lib/gcc/avr/4.9.2/../../../../avr/lib/avr5\libc.a(memcpy.o)
                0x00001fb0                memcpy
 .text.avr-libc
                0x00001fc2        0xe c:/users/carlos/.arduinocdt/packages/arduino/tools/avr-gcc/4.9.2-atmel3.5.4-arduino2/bin/../lib/gcc/avr/4.9.2/../../../../avr/lib/avr5\libc.a(strcpy.o)
                0x00001fc2                strcpy
                0x00001fd0                . = ALIGN (0x2)
 *(.fini9)
 .fini9         0x00001fd0        0x0 c:/users/carlos/.arduinocdt/packages/arduino/tools/avr-gcc/4.9.2-atmel3.5.4-arduino2/bin/../lib/gcc/avr/4.9.2/avr5\libgcc.a(_exit.o)
                0x00001fd0                _exit
                0x00001fd0                exit
 *(.fini9)
 *(.fini8)
 *(.fini8)
 *(.fini7)
 *(.fini7)
 *(.fini6)
 .fini6         0x00001fd0       0x14 c:/users/carlos/.arduinocdt/packages/arduino/tools/avr-gcc/4.9.2-atmel3.5.4-arduino2/bin/../lib/gcc/avr/4.9.2/avr5\libgcc.a(_dtors.o)
                0x00001fd0                __do_global_dtors
 *(.fini6)
 *(.fini5)
 *(.fini5)
 *(.fini4)
 *(.fini4)
 *(.fini3)
 *(.fini3)
 *(.fini2)
 *(.fini2)
 *(.fini1)
 *(.fini1)
 *(.fini0)
 .fini0         0x00001fe4        0x4 c:/users/carlos/.arduinocdt/packages/arduino/tools/avr-gcc/4.9.2-atmel3.5.4-arduino2/bin/../lib/gcc/avr/4.9.2/avr5\libgcc.a(_exit.o)
 *(.fini0)
                0x00001fe8                _etext = .

.data           0x00800100      0x10c load address 0x00001fe8
                0x00800100                PROVIDE (__data_start, .)
 *(.data)
 .data          0x00800100        0x4 C:\Users\carlos\AppData\Local\Temp\ccfnd4Xb.ltrans1.ltrans.o
 .data          0x00800104        0x6 c:/users/carlos/.arduinocdt/packages/arduino/tools/avr-gcc/4.9.2-atmel3.5.4-arduino2/bin/../lib/gcc/avr/4.9.2/../../../../avr/lib/avr5\libc.a(malloc.o)
                0x00800104                __malloc_heap_end
                0x00800106                __malloc_heap_start
                0x00800108                __malloc_margin
 *(.data*)
 *(.rodata)
 .rodata        0x0080010a       0x28 C:\Users\carlos\AppData\Local\Temp\ccfnd4Xb.ltrans0.ltrans.o
 .rodata        0x00800132       0xc0 C:\Users\carlos\AppData\Local\Temp\ccfnd4Xb.ltrans1.ltrans.o
                0x0080013a                _ZL10pinStructs.lto_priv.7
 *(.rodata*)
 .rodata.str1.1
                0x008001f2       0x1a C:\Users\carlos\AppData\Local\Temp\ccfnd4Xb.ltrans1.ltrans.o
                                 0x1b (size before relaxing)
 *(.gnu.linkonce.d*)
                0x0080020c                . = ALIGN (0x2)
                0x0080020c                _edata = .
                0x0080020c                PROVIDE (__data_end, .)

.bss            0x0080020c       0x4d
                0x0080020c                PROVIDE (__bss_start, .)
 *(.bss)
 .bss           0x0080020c        0x4 C:\Users\carlos\AppData\Local\Temp\ccfnd4Xb.ltrans0.ltrans.o
 .bss           0x00800210       0x45 C:\Users\carlos\AppData\Local\Temp\ccfnd4Xb.ltrans1.ltrans.o
                0x00800210                _ZL17thisRotaryEncoder.lto_priv.8
                0x00800212                _ZN12_GLOBAL__N_113timer0_millisE.lto_priv.6
                0x00800216                _ZN8MenuView7btn2ValE
                0x00800217                _ZN8MenuView5_btn2E
                0x00800219                _ZN8MenuView7btn1ValE
                0x0080021a                _ZN8MenuView5_btn1E
                0x0080021c                _ZN8MenuView10selectMenuE
                0x0080023c                _ZN8MenuView7appMenuE
 *(.bss*)
 *(COMMON)
 COMMON         0x00800255        0x4 c:/users/carlos/.arduinocdt/packages/arduino/tools/avr-gcc/4.9.2-atmel3.5.4-arduino2/bin/../lib/gcc/avr/4.9.2/../../../../avr/lib/avr5\libc.a(malloc.o)
                0x00800255                __brkval
                0x00800257                __flp
                0x00800259                PROVIDE (__bss_end, .)
                0x00001fe8                __data_load_start = LOADADDR (.data)
                0x000020f4                __data_load_end = (__data_load_start + SIZEOF (.data))

.noinit         0x00800259        0x0
                [!provide]                PROVIDE (__noinit_start, .)
 *(.noinit*)
                [!provide]                PROVIDE (__noinit_end, .)
                0x00800259                _end = .
                0x00800259                PROVIDE (__heap_start, .)

.eeprom         0x00810000        0x0
 *(.eeprom*)
                0x00810000                __eeprom_end = .

.fuse
 *(.fuse)
 *(.lfuse)
 *(.hfuse)
 *(.efuse)

.lock
 *(.lock*)

.signature
 *(.signature*)

.user_signatures
 *(.user_signatures*)

.stab
 *(.stab)

.stabstr
 *(.stabstr)

.stab.excl
 *(.stab.excl)

.stab.exclstr
 *(.stab.exclstr)

.stab.index
 *(.stab.index)

.stab.indexstr
 *(.stab.indexstr)

.comment        0x00000000       0x11
 *(.comment)
 .comment       0x00000000       0x11 C:\Users\carlos\AppData\Local\Temp\ccfnd4Xb.ltrans0.ltrans.o
                                 0x12 (size before relaxing)
 .comment       0x00000011       0x12 C:\Users\carlos\AppData\Local\Temp\ccfnd4Xb.ltrans1.ltrans.o
 .comment       0x00000011       0x12 c:/users/carlos/.arduinocdt/packages/arduino/tools/avr-gcc/4.9.2-atmel3.5.4-arduino2/bin/../lib/gcc/avr/4.9.2/../../../../avr/lib/avr5\libc.a(malloc.o)
 .comment       0x00000011       0x12 c:/users/carlos/.arduinocdt/packages/arduino/tools/avr-gcc/4.9.2-atmel3.5.4-arduino2/bin/../lib/gcc/avr/4.9.2/../../../../avr/lib/avr5\libc.a(realloc.o)

.note.gnu.avr.deviceinfo
                0x00000000       0x40
 .note.gnu.avr.deviceinfo
                0x00000000       0x40 c:/users/carlos/.arduinocdt/packages/arduino/tools/avr-gcc/4.9.2-atmel3.5.4-arduino2/bin/../lib/gcc/avr/4.9.2/../../../../avr/lib/avr5/crtatmega328p.o

.note.gnu.build-id
 *(.note.gnu.build-id)

.debug
 *(.debug)

.line
 *(.line)

.debug_srcinfo
 *(.debug_srcinfo)

.debug_sfnames
 *(.debug_sfnames)

.debug_aranges
 *(.debug_aranges)

.debug_pubnames
 *(.debug_pubnames)

.debug_info     0x00000000      0x5f4
 *(.debug_info .gnu.linkonce.wi.*)
 .debug_info    0x00000000      0x5f4 c:/users/carlos/.arduinocdt/packages/arduino/tools/avr-gcc/4.9.2-atmel3.5.4-arduino2/bin/../lib/gcc/avr/4.9.2/../../../../avr/lib/avr5/crtatmega328p.o

.debug_abbrev   0x00000000      0x5a2
 *(.debug_abbrev)
 .debug_abbrev  0x00000000      0x5a2 c:/users/carlos/.arduinocdt/packages/arduino/tools/avr-gcc/4.9.2-atmel3.5.4-arduino2/bin/../lib/gcc/avr/4.9.2/../../../../avr/lib/avr5/crtatmega328p.o

.debug_line     0x00000000       0x1a
 *(.debug_line .debug_line.* .debug_line_end)
 .debug_line    0x00000000       0x1a c:/users/carlos/.arduinocdt/packages/arduino/tools/avr-gcc/4.9.2-atmel3.5.4-arduino2/bin/../lib/gcc/avr/4.9.2/../../../../avr/lib/avr5/crtatmega328p.o

.debug_frame
 *(.debug_frame)

.debug_str      0x00000000      0x208
 *(.debug_str)
 .debug_str     0x00000000      0x208 c:/users/carlos/.arduinocdt/packages/arduino/tools/avr-gcc/4.9.2-atmel3.5.4-arduino2/bin/../lib/gcc/avr/4.9.2/../../../../avr/lib/avr5/crtatmega328p.o

.debug_loc
 *(.debug_loc)

.debug_macinfo
 *(.debug_macinfo)

.debug_weaknames
 *(.debug_weaknames)

.debug_funcnames
 *(.debug_funcnames)

.debug_typenames
 *(.debug_typenames)

.debug_varnames
 *(.debug_varnames)

.debug_pubtypes
 *(.debug_pubtypes)

.debug_ranges
 *(.debug_ranges)

.debug_macro
 *(.debug_macro)
OUTPUT(alc-ATMEGA328P.elf elf32-avr)
LOAD linker stubs
