Archive member included to satisfy reference by file (symbol)

c:/users/carlos/.arduinocdt/packages/arduino/tools/avr-gcc/4.9.2-atmel3.5.4-arduino2/bin/../lib/gcc/avr/4.9.2/avr5\libgcc.a(_exit.o)
                              c:/users/carlos/.arduinocdt/packages/arduino/tools/avr-gcc/4.9.2-atmel3.5.4-arduino2/bin/../lib/gcc/avr/4.9.2/../../../../avr/lib/avr5/crtatmega328p.o (exit)
c:/users/carlos/.arduinocdt/packages/arduino/tools/avr-gcc/4.9.2-atmel3.5.4-arduino2/bin/../lib/gcc/avr/4.9.2/../../../../avr/lib/avr5\libc.a(dtostrf.o)
                              CMakeFiles/alc-ATMEGA328P.elf.dir/Source/LCD/WString.cpp.obj (symbol from plugin) (dtostrf)
c:/users/carlos/.arduinocdt/packages/arduino/tools/avr-gcc/4.9.2-atmel3.5.4-arduino2/bin/../lib/gcc/avr/4.9.2/../../../../avr/lib/avr5\libc.a(atof.o)
                              CMakeFiles/alc-ATMEGA328P.elf.dir/Source/LCD/WString.cpp.obj (symbol from plugin) (atof)
c:/users/carlos/.arduinocdt/packages/arduino/tools/avr-gcc/4.9.2-atmel3.5.4-arduino2/bin/../lib/gcc/avr/4.9.2/../../../../avr/lib/avr5\libc.a(atol.o)
                              CMakeFiles/alc-ATMEGA328P.elf.dir/Source/LCD/WString.cpp.obj (symbol from plugin) (atol)
c:/users/carlos/.arduinocdt/packages/arduino/tools/avr-gcc/4.9.2-atmel3.5.4-arduino2/bin/../lib/gcc/avr/4.9.2/../../../../avr/lib/avr5\libc.a(strcpy_P.o)
                              CMakeFiles/alc-ATMEGA328P.elf.dir/Source/LCD/WString.cpp.obj (symbol from plugin) (strcpy_P)
c:/users/carlos/.arduinocdt/packages/arduino/tools/avr-gcc/4.9.2-atmel3.5.4-arduino2/bin/../lib/gcc/avr/4.9.2/../../../../avr/lib/avr5\libc.a(strlen_P.o)
                              CMakeFiles/alc-ATMEGA328P.elf.dir/Source/LCD/WString.cpp.obj (symbol from plugin) (__strlen_P)
c:/users/carlos/.arduinocdt/packages/arduino/tools/avr-gcc/4.9.2-atmel3.5.4-arduino2/bin/../lib/gcc/avr/4.9.2/../../../../avr/lib/avr5\libc.a(itoa.o)
                              CMakeFiles/alc-ATMEGA328P.elf.dir/Source/LCD/WString.cpp.obj (symbol from plugin) (__itoa)
c:/users/carlos/.arduinocdt/packages/arduino/tools/avr-gcc/4.9.2-atmel3.5.4-arduino2/bin/../lib/gcc/avr/4.9.2/../../../../avr/lib/avr5\libc.a(itoa_ncheck.o)
                              c:/users/carlos/.arduinocdt/packages/arduino/tools/avr-gcc/4.9.2-atmel3.5.4-arduino2/bin/../lib/gcc/avr/4.9.2/../../../../avr/lib/avr5\libc.a(itoa.o) (__itoa_ncheck)
c:/users/carlos/.arduinocdt/packages/arduino/tools/avr-gcc/4.9.2-atmel3.5.4-arduino2/bin/../lib/gcc/avr/4.9.2/../../../../avr/lib/avr5\libc.a(ltoa.o)
                              CMakeFiles/alc-ATMEGA328P.elf.dir/Source/LCD/WString.cpp.obj (symbol from plugin) (__ltoa)
c:/users/carlos/.arduinocdt/packages/arduino/tools/avr-gcc/4.9.2-atmel3.5.4-arduino2/bin/../lib/gcc/avr/4.9.2/../../../../avr/lib/avr5\libc.a(ltoa_ncheck.o)
                              c:/users/carlos/.arduinocdt/packages/arduino/tools/avr-gcc/4.9.2-atmel3.5.4-arduino2/bin/../lib/gcc/avr/4.9.2/../../../../avr/lib/avr5\libc.a(ltoa.o) (__ltoa_ncheck)
c:/users/carlos/.arduinocdt/packages/arduino/tools/avr-gcc/4.9.2-atmel3.5.4-arduino2/bin/../lib/gcc/avr/4.9.2/../../../../avr/lib/avr5\libc.a(mulsi10.o)
                              c:/users/carlos/.arduinocdt/packages/arduino/tools/avr-gcc/4.9.2-atmel3.5.4-arduino2/bin/../lib/gcc/avr/4.9.2/../../../../avr/lib/avr5\libc.a(atol.o) (__mulsi_const_10)
c:/users/carlos/.arduinocdt/packages/arduino/tools/avr-gcc/4.9.2-atmel3.5.4-arduino2/bin/../lib/gcc/avr/4.9.2/../../../../avr/lib/avr5\libc.a(ultoa.o)
                              CMakeFiles/alc-ATMEGA328P.elf.dir/Source/LCD/WString.cpp.obj (symbol from plugin) (__ultoa)
c:/users/carlos/.arduinocdt/packages/arduino/tools/avr-gcc/4.9.2-atmel3.5.4-arduino2/bin/../lib/gcc/avr/4.9.2/../../../../avr/lib/avr5\libc.a(ultoa_ncheck.o)
                              c:/users/carlos/.arduinocdt/packages/arduino/tools/avr-gcc/4.9.2-atmel3.5.4-arduino2/bin/../lib/gcc/avr/4.9.2/../../../../avr/lib/avr5\libc.a(ultoa.o) (__ultoa_ncheck)
c:/users/carlos/.arduinocdt/packages/arduino/tools/avr-gcc/4.9.2-atmel3.5.4-arduino2/bin/../lib/gcc/avr/4.9.2/../../../../avr/lib/avr5\libc.a(utoa.o)
                              CMakeFiles/alc-ATMEGA328P.elf.dir/Source/LCD/WString.cpp.obj (symbol from plugin) (__utoa)
c:/users/carlos/.arduinocdt/packages/arduino/tools/avr-gcc/4.9.2-atmel3.5.4-arduino2/bin/../lib/gcc/avr/4.9.2/../../../../avr/lib/avr5\libc.a(utoa_ncheck.o)
                              c:/users/carlos/.arduinocdt/packages/arduino/tools/avr-gcc/4.9.2-atmel3.5.4-arduino2/bin/../lib/gcc/avr/4.9.2/../../../../avr/lib/avr5\libc.a(utoa.o) (__utoa_ncheck)
c:/users/carlos/.arduinocdt/packages/arduino/tools/avr-gcc/4.9.2-atmel3.5.4-arduino2/bin/../lib/gcc/avr/4.9.2/../../../../avr/lib/avr5\libc.a(dtoa_prf.o)
                              c:/users/carlos/.arduinocdt/packages/arduino/tools/avr-gcc/4.9.2-atmel3.5.4-arduino2/bin/../lib/gcc/avr/4.9.2/../../../../avr/lib/avr5\libc.a(dtostrf.o) (dtoa_prf)
c:/users/carlos/.arduinocdt/packages/arduino/tools/avr-gcc/4.9.2-atmel3.5.4-arduino2/bin/../lib/gcc/avr/4.9.2/../../../../avr/lib/avr5\libc.a(strtod.o)
                              c:/users/carlos/.arduinocdt/packages/arduino/tools/avr-gcc/4.9.2-atmel3.5.4-arduino2/bin/../lib/gcc/avr/4.9.2/../../../../avr/lib/avr5\libc.a(atof.o) (strtod)
c:/users/carlos/.arduinocdt/packages/arduino/tools/avr-gcc/4.9.2-atmel3.5.4-arduino2/bin/../lib/gcc/avr/4.9.2/../../../../avr/lib/avr5\libc.a(ftoa_engine.o)
                              c:/users/carlos/.arduinocdt/packages/arduino/tools/avr-gcc/4.9.2-atmel3.5.4-arduino2/bin/../lib/gcc/avr/4.9.2/../../../../avr/lib/avr5\libc.a(dtoa_prf.o) (__ftoa_engine)
c:/users/carlos/.arduinocdt/packages/arduino/tools/avr-gcc/4.9.2-atmel3.5.4-arduino2/bin/../lib/gcc/avr/4.9.2/../../../../avr/lib/avr5\libc.a(isspace.o)
                              c:/users/carlos/.arduinocdt/packages/arduino/tools/avr-gcc/4.9.2-atmel3.5.4-arduino2/bin/../lib/gcc/avr/4.9.2/../../../../avr/lib/avr5\libc.a(strtod.o) (isspace)
c:/users/carlos/.arduinocdt/packages/arduino/tools/avr-gcc/4.9.2-atmel3.5.4-arduino2/bin/../lib/gcc/avr/4.9.2/../../../../avr/lib/avr5\libc.a(strncasecmp_P.o)
                              c:/users/carlos/.arduinocdt/packages/arduino/tools/avr-gcc/4.9.2-atmel3.5.4-arduino2/bin/../lib/gcc/avr/4.9.2/../../../../avr/lib/avr5\libc.a(strtod.o) (strncasecmp_P)
c:/users/carlos/.arduinocdt/packages/arduino/tools/avr-gcc/4.9.2-atmel3.5.4-arduino2/bin/../lib/gcc/avr/4.9.2/../../../../avr/lib/avr5\libc.a(strrev.o)
                              c:/users/carlos/.arduinocdt/packages/arduino/tools/avr-gcc/4.9.2-atmel3.5.4-arduino2/bin/../lib/gcc/avr/4.9.2/../../../../avr/lib/avr5\libc.a(ultoa_ncheck.o) (strrev)
c:/users/carlos/.arduinocdt/packages/arduino/tools/avr-gcc/4.9.2-atmel3.5.4-arduino2/bin/../lib/gcc/avr/4.9.2/../../../../avr/lib/avr5\libc.a(cmpsf2.o)
                              c:/users/carlos/.arduinocdt/packages/arduino/tools/avr-gcc/4.9.2-atmel3.5.4-arduino2/bin/../lib/gcc/avr/4.9.2/../../../../avr/lib/avr5\libc.a(strtod.o) (__eqsf2)
c:/users/carlos/.arduinocdt/packages/arduino/tools/avr-gcc/4.9.2-atmel3.5.4-arduino2/bin/../lib/gcc/avr/4.9.2/../../../../avr/lib/avr5\libc.a(floatsisf.o)
                              c:/users/carlos/.arduinocdt/packages/arduino/tools/avr-gcc/4.9.2-atmel3.5.4-arduino2/bin/../lib/gcc/avr/4.9.2/../../../../avr/lib/avr5\libc.a(strtod.o) (__floatunsisf)
c:/users/carlos/.arduinocdt/packages/arduino/tools/avr-gcc/4.9.2-atmel3.5.4-arduino2/bin/../lib/gcc/avr/4.9.2/../../../../avr/lib/avr5\libc.a(fp_cmp.o)
                              c:/users/carlos/.arduinocdt/packages/arduino/tools/avr-gcc/4.9.2-atmel3.5.4-arduino2/bin/../lib/gcc/avr/4.9.2/../../../../avr/lib/avr5\libc.a(cmpsf2.o) (__fp_cmp)
c:/users/carlos/.arduinocdt/packages/arduino/tools/avr-gcc/4.9.2-atmel3.5.4-arduino2/bin/../lib/gcc/avr/4.9.2/../../../../avr/lib/avr5\libc.a(mulsf3.o)
                              c:/users/carlos/.arduinocdt/packages/arduino/tools/avr-gcc/4.9.2-atmel3.5.4-arduino2/bin/../lib/gcc/avr/4.9.2/../../../../avr/lib/avr5\libc.a(strtod.o) (__mulsf3)
c:/users/carlos/.arduinocdt/packages/arduino/tools/avr-gcc/4.9.2-atmel3.5.4-arduino2/bin/../lib/gcc/avr/4.9.2/../../../../avr/lib/avr5\libc.a(mulsf3x.o)
                              c:/users/carlos/.arduinocdt/packages/arduino/tools/avr-gcc/4.9.2-atmel3.5.4-arduino2/bin/../lib/gcc/avr/4.9.2/../../../../avr/lib/avr5\libc.a(mulsf3.o) (__mulsf3x)
c:/users/carlos/.arduinocdt/packages/arduino/tools/avr-gcc/4.9.2-atmel3.5.4-arduino2/bin/../lib/gcc/avr/4.9.2/../../../../avr/lib/avr5\libc.a(errno.o)
                              c:/users/carlos/.arduinocdt/packages/arduino/tools/avr-gcc/4.9.2-atmel3.5.4-arduino2/bin/../lib/gcc/avr/4.9.2/../../../../avr/lib/avr5\libc.a(strtod.o) (errno)
c:/users/carlos/.arduinocdt/packages/arduino/tools/avr-gcc/4.9.2-atmel3.5.4-arduino2/bin/../lib/gcc/avr/4.9.2/../../../../avr/lib/avr5\libc.a(cty_isfalse.o)
                              c:/users/carlos/.arduinocdt/packages/arduino/tools/avr-gcc/4.9.2-atmel3.5.4-arduino2/bin/../lib/gcc/avr/4.9.2/../../../../avr/lib/avr5\libc.a(isspace.o) (__ctype_isfalse)
c:/users/carlos/.arduinocdt/packages/arduino/tools/avr-gcc/4.9.2-atmel3.5.4-arduino2/bin/../lib/gcc/avr/4.9.2/../../../../avr/lib/avr5\libc.a(fp_inf.o)
                              c:/users/carlos/.arduinocdt/packages/arduino/tools/avr-gcc/4.9.2-atmel3.5.4-arduino2/bin/../lib/gcc/avr/4.9.2/../../../../avr/lib/avr5\libc.a(mulsf3x.o) (__fp_inf)
c:/users/carlos/.arduinocdt/packages/arduino/tools/avr-gcc/4.9.2-atmel3.5.4-arduino2/bin/../lib/gcc/avr/4.9.2/../../../../avr/lib/avr5\libc.a(fp_nan.o)
                              c:/users/carlos/.arduinocdt/packages/arduino/tools/avr-gcc/4.9.2-atmel3.5.4-arduino2/bin/../lib/gcc/avr/4.9.2/../../../../avr/lib/avr5\libc.a(mulsf3x.o) (__fp_nan)
c:/users/carlos/.arduinocdt/packages/arduino/tools/avr-gcc/4.9.2-atmel3.5.4-arduino2/bin/../lib/gcc/avr/4.9.2/../../../../avr/lib/avr5\libc.a(fp_pscA.o)
                              c:/users/carlos/.arduinocdt/packages/arduino/tools/avr-gcc/4.9.2-atmel3.5.4-arduino2/bin/../lib/gcc/avr/4.9.2/../../../../avr/lib/avr5\libc.a(mulsf3x.o) (__fp_pscA)
c:/users/carlos/.arduinocdt/packages/arduino/tools/avr-gcc/4.9.2-atmel3.5.4-arduino2/bin/../lib/gcc/avr/4.9.2/../../../../avr/lib/avr5\libc.a(fp_pscB.o)
                              c:/users/carlos/.arduinocdt/packages/arduino/tools/avr-gcc/4.9.2-atmel3.5.4-arduino2/bin/../lib/gcc/avr/4.9.2/../../../../avr/lib/avr5\libc.a(mulsf3x.o) (__fp_pscB)
c:/users/carlos/.arduinocdt/packages/arduino/tools/avr-gcc/4.9.2-atmel3.5.4-arduino2/bin/../lib/gcc/avr/4.9.2/../../../../avr/lib/avr5\libc.a(fp_round.o)
                              c:/users/carlos/.arduinocdt/packages/arduino/tools/avr-gcc/4.9.2-atmel3.5.4-arduino2/bin/../lib/gcc/avr/4.9.2/../../../../avr/lib/avr5\libc.a(mulsf3.o) (__fp_round)
c:/users/carlos/.arduinocdt/packages/arduino/tools/avr-gcc/4.9.2-atmel3.5.4-arduino2/bin/../lib/gcc/avr/4.9.2/../../../../avr/lib/avr5\libc.a(fp_split3.o)
                              c:/users/carlos/.arduinocdt/packages/arduino/tools/avr-gcc/4.9.2-atmel3.5.4-arduino2/bin/../lib/gcc/avr/4.9.2/../../../../avr/lib/avr5\libc.a(mulsf3x.o) (__fp_split3)
c:/users/carlos/.arduinocdt/packages/arduino/tools/avr-gcc/4.9.2-atmel3.5.4-arduino2/bin/../lib/gcc/avr/4.9.2/../../../../avr/lib/avr5\libc.a(fp_zero.o)
                              c:/users/carlos/.arduinocdt/packages/arduino/tools/avr-gcc/4.9.2-atmel3.5.4-arduino2/bin/../lib/gcc/avr/4.9.2/../../../../avr/lib/avr5\libc.a(mulsf3x.o) (__fp_szero)
c:/users/carlos/.arduinocdt/packages/arduino/tools/avr-gcc/4.9.2-atmel3.5.4-arduino2/bin/../lib/gcc/avr/4.9.2/avr5\libgcc.a(_clear_bss.o)
                              c:/users/carlos/.arduinocdt/packages/arduino/tools/avr-gcc/4.9.2-atmel3.5.4-arduino2/bin/../lib/gcc/avr/4.9.2/../../../../avr/lib/avr5\libc.a(errno.o) (__do_clear_bss)
c:/users/carlos/.arduinocdt/packages/arduino/tools/avr-gcc/4.9.2-atmel3.5.4-arduino2/bin/../lib/gcc/avr/4.9.2/avr5\libgcc.a(_muluhisi3.o)
                              c:/users/carlos/.arduinocdt/packages/arduino/tools/avr-gcc/4.9.2-atmel3.5.4-arduino2/bin/../lib/gcc/avr/4.9.2/../../../../avr/lib/avr5\libc.a(strtod.o) (__muluhisi3)
c:/users/carlos/.arduinocdt/packages/arduino/tools/avr-gcc/4.9.2-atmel3.5.4-arduino2/bin/../lib/gcc/avr/4.9.2/avr5\libgcc.a(_prologue.o)
                              c:/users/carlos/.arduinocdt/packages/arduino/tools/avr-gcc/4.9.2-atmel3.5.4-arduino2/bin/../lib/gcc/avr/4.9.2/../../../../avr/lib/avr5\libc.a(strtod.o) (__prologue_saves__)
c:/users/carlos/.arduinocdt/packages/arduino/tools/avr-gcc/4.9.2-atmel3.5.4-arduino2/bin/../lib/gcc/avr/4.9.2/avr5\libgcc.a(_epilogue.o)
                              c:/users/carlos/.arduinocdt/packages/arduino/tools/avr-gcc/4.9.2-atmel3.5.4-arduino2/bin/../lib/gcc/avr/4.9.2/../../../../avr/lib/avr5\libc.a(strtod.o) (__epilogue_restores__)
c:/users/carlos/.arduinocdt/packages/arduino/tools/avr-gcc/4.9.2-atmel3.5.4-arduino2/bin/../lib/gcc/avr/4.9.2/avr5\libgcc.a(_umulhisi3.o)
                              c:/users/carlos/.arduinocdt/packages/arduino/tools/avr-gcc/4.9.2-atmel3.5.4-arduino2/bin/../lib/gcc/avr/4.9.2/avr5\libgcc.a(_muluhisi3.o) (__umulhisi3)
c:/users/carlos/.arduinocdt/packages/arduino/tools/avr-gcc/4.9.2-atmel3.5.4-arduino2/bin/../lib/gcc/avr/4.9.2/avr5\libgcc.a(_udivmodhi4.o)
                              C:\Users\carlos\AppData\Local\Temp\ccTzs5ZY.ltrans0.ltrans.o (__udivmodhi4)
c:/users/carlos/.arduinocdt/packages/arduino/tools/avr-gcc/4.9.2-atmel3.5.4-arduino2/bin/../lib/gcc/avr/4.9.2/avr5\libgcc.a(_copy_data.o)
                              C:\Users\carlos\AppData\Local\Temp\ccTzs5ZY.ltrans0.ltrans.o (__do_copy_data)
c:/users/carlos/.arduinocdt/packages/arduino/tools/avr-gcc/4.9.2-atmel3.5.4-arduino2/bin/../lib/gcc/avr/4.9.2/../../../../avr/lib/avr5\libm.a(addsf3.o)
                              C:\Users\carlos\AppData\Local\Temp\ccTzs5ZY.ltrans0.ltrans.o (__subsf3)
c:/users/carlos/.arduinocdt/packages/arduino/tools/avr-gcc/4.9.2-atmel3.5.4-arduino2/bin/../lib/gcc/avr/4.9.2/../../../../avr/lib/avr5\libm.a(addsf3x.o)
                              c:/users/carlos/.arduinocdt/packages/arduino/tools/avr-gcc/4.9.2-atmel3.5.4-arduino2/bin/../lib/gcc/avr/4.9.2/../../../../avr/lib/avr5\libm.a(addsf3.o) (__addsf3x)
c:/users/carlos/.arduinocdt/packages/arduino/tools/avr-gcc/4.9.2-atmel3.5.4-arduino2/bin/../lib/gcc/avr/4.9.2/../../../../avr/lib/avr5\libm.a(divsf3.o)
                              C:\Users\carlos\AppData\Local\Temp\ccTzs5ZY.ltrans0.ltrans.o (__divsf3)
c:/users/carlos/.arduinocdt/packages/arduino/tools/avr-gcc/4.9.2-atmel3.5.4-arduino2/bin/../lib/gcc/avr/4.9.2/../../../../avr/lib/avr5\libm.a(divsf3x.o)
                              c:/users/carlos/.arduinocdt/packages/arduino/tools/avr-gcc/4.9.2-atmel3.5.4-arduino2/bin/../lib/gcc/avr/4.9.2/../../../../avr/lib/avr5\libm.a(divsf3.o) (__divsf3x)
c:/users/carlos/.arduinocdt/packages/arduino/tools/avr-gcc/4.9.2-atmel3.5.4-arduino2/bin/../lib/gcc/avr/4.9.2/../../../../avr/lib/avr5\libm.a(fixunssfsi.o)
                              C:\Users\carlos\AppData\Local\Temp\ccTzs5ZY.ltrans0.ltrans.o (__fixunssfsi)
c:/users/carlos/.arduinocdt/packages/arduino/tools/avr-gcc/4.9.2-atmel3.5.4-arduino2/bin/../lib/gcc/avr/4.9.2/../../../../avr/lib/avr5\libm.a(gesf2.o)
                              C:\Users\carlos\AppData\Local\Temp\ccTzs5ZY.ltrans0.ltrans.o (__gtsf2)
c:/users/carlos/.arduinocdt/packages/arduino/tools/avr-gcc/4.9.2-atmel3.5.4-arduino2/bin/../lib/gcc/avr/4.9.2/../../../../avr/lib/avr5\libc.a(malloc.o)
                              C:\Users\carlos\AppData\Local\Temp\ccTzs5ZY.ltrans0.ltrans.o (free)
c:/users/carlos/.arduinocdt/packages/arduino/tools/avr-gcc/4.9.2-atmel3.5.4-arduino2/bin/../lib/gcc/avr/4.9.2/../../../../avr/lib/avr5\libc.a(realloc.o)
                              C:\Users\carlos\AppData\Local\Temp\ccTzs5ZY.ltrans1.ltrans.o (realloc)
c:/users/carlos/.arduinocdt/packages/arduino/tools/avr-gcc/4.9.2-atmel3.5.4-arduino2/bin/../lib/gcc/avr/4.9.2/../../../../avr/lib/avr5\libc.a(memcpy.o)
                              c:/users/carlos/.arduinocdt/packages/arduino/tools/avr-gcc/4.9.2-atmel3.5.4-arduino2/bin/../lib/gcc/avr/4.9.2/../../../../avr/lib/avr5\libc.a(realloc.o) (memcpy)
c:/users/carlos/.arduinocdt/packages/arduino/tools/avr-gcc/4.9.2-atmel3.5.4-arduino2/bin/../lib/gcc/avr/4.9.2/../../../../avr/lib/avr5\libc.a(strcpy.o)
                              C:\Users\carlos\AppData\Local\Temp\ccTzs5ZY.ltrans1.ltrans.o (strcpy)

Allocating common symbols
Common symbol       size              file

errno               0x2               c:/users/carlos/.arduinocdt/packages/arduino/tools/avr-gcc/4.9.2-atmel3.5.4-arduino2/bin/../lib/gcc/avr/4.9.2/../../../../avr/lib/avr5\libc.a(errno.o)
__brkval            0x2               c:/users/carlos/.arduinocdt/packages/arduino/tools/avr-gcc/4.9.2-atmel3.5.4-arduino2/bin/../lib/gcc/avr/4.9.2/../../../../avr/lib/avr5\libc.a(malloc.o)
__flp               0x2               c:/users/carlos/.arduinocdt/packages/arduino/tools/avr-gcc/4.9.2-atmel3.5.4-arduino2/bin/../lib/gcc/avr/4.9.2/../../../../avr/lib/avr5\libc.a(malloc.o)

Discarded input sections

 .data          0x00000000        0x0 c:/users/carlos/.arduinocdt/packages/arduino/tools/avr-gcc/4.9.2-atmel3.5.4-arduino2/bin/../lib/gcc/avr/4.9.2/../../../../avr/lib/avr5/crtatmega328p.o
 .bss           0x00000000        0x0 c:/users/carlos/.arduinocdt/packages/arduino/tools/avr-gcc/4.9.2-atmel3.5.4-arduino2/bin/../lib/gcc/avr/4.9.2/../../../../avr/lib/avr5/crtatmega328p.o
 .text          0x00000000        0x0 CMakeFiles/alc-ATMEGA328P.elf.dir/Source/main.cpp.obj (symbol from plugin)
 .gnu.linkonce.t._ZN13LiquidCrystalC5E3PinS0_S0_S0_S0_S0_
                0x00000000        0x0 CMakeFiles/alc-ATMEGA328P.elf.dir/Source/main.cpp.obj (symbol from plugin)
 .data          0x00000000        0x0 C:\Users\carlos\AppData\Local\Temp\ccTzs5ZY.ltrans0.ltrans.o
 .data          0x00000000        0x0 C:\Users\carlos\AppData\Local\Temp\ccTzs5ZY.ltrans1.ltrans.o
 .text          0x00000000        0x0 CMakeFiles/alc-ATMEGA328P.elf.dir/Source/LCD/LCD.cpp.obj (symbol from plugin)
 .gnu.linkonce.t._ZN13LiquidCrystal13PinCollectionC5E3PinS1_S1_S1_S1_S1_S1_S1_
                0x00000000        0x0 CMakeFiles/alc-ATMEGA328P.elf.dir/Source/LCD/LCD.cpp.obj (symbol from plugin)
 .gnu.linkonce.t._ZN13LiquidCrystal13PinCollectionaSEh
                0x00000000        0x0 CMakeFiles/alc-ATMEGA328P.elf.dir/Source/LCD/LCD.cpp.obj (symbol from plugin)
 .gnu.linkonce.t._ZTV13LiquidCrystal
                0x00000000        0x0 CMakeFiles/alc-ATMEGA328P.elf.dir/Source/LCD/LCD.cpp.obj (symbol from plugin)
 .gnu.linkonce.t._ZN13LiquidCrystal5writeEh
                0x00000000        0x0 CMakeFiles/alc-ATMEGA328P.elf.dir/Source/LCD/LCD.cpp.obj (symbol from plugin)
 .text          0x00000000        0x0 CMakeFiles/alc-ATMEGA328P.elf.dir/Source/GPIO/GPIO.cpp.obj (symbol from plugin)
 .text          0x00000000        0x0 CMakeFiles/alc-ATMEGA328P.elf.dir/Source/GPIO/FastPWMPin.cpp.obj (symbol from plugin)
 .text          0x00000000        0x0 CMakeFiles/alc-ATMEGA328P.elf.dir/Source/GPIO/AnalogPin.cpp.obj (symbol from plugin)
 .text          0x00000000        0x0 CMakeFiles/alc-ATMEGA328P.elf.dir/Source/LCD/WString.cpp.obj (symbol from plugin)
 .gnu.linkonce.t._ZNK6String14StringIfHelperEv
                0x00000000        0x0 CMakeFiles/alc-ATMEGA328P.elf.dir/Source/LCD/WString.cpp.obj (symbol from plugin)
 .text          0x00000000        0x0 CMakeFiles/alc-ATMEGA328P.elf.dir/Source/LCD/Print.cpp.obj (symbol from plugin)
 .gnu.linkonce.t._ZN5Print5writeEPKc
                0x00000000        0x0 CMakeFiles/alc-ATMEGA328P.elf.dir/Source/LCD/Print.cpp.obj (symbol from plugin)
 .gnu.linkonce.t._ZTV5Print
                0x00000000        0x0 CMakeFiles/alc-ATMEGA328P.elf.dir/Source/LCD/Print.cpp.obj (symbol from plugin)
 .text          0x00000000        0x0 CMakeFiles/alc-ATMEGA328P.elf.dir/Source/Menu/Menu.cpp.obj (symbol from plugin)
 .text          0x00000000        0x0 CMakeFiles/alc-ATMEGA328P.elf.dir/Source/Menu/ApplicationMenu.cpp.obj (symbol from plugin)
 .text          0x00000000        0x0 CMakeFiles/alc-ATMEGA328P.elf.dir/Source/USER_IO/RotaryEncoder.cpp.obj (symbol from plugin)
 .text          0x00000000        0x0 c:/users/carlos/.arduinocdt/packages/arduino/tools/avr-gcc/4.9.2-atmel3.5.4-arduino2/bin/../lib/gcc/avr/4.9.2/avr5\libgcc.a(_exit.o)
 .data          0x00000000        0x0 c:/users/carlos/.arduinocdt/packages/arduino/tools/avr-gcc/4.9.2-atmel3.5.4-arduino2/bin/../lib/gcc/avr/4.9.2/avr5\libgcc.a(_exit.o)
 .bss           0x00000000        0x0 c:/users/carlos/.arduinocdt/packages/arduino/tools/avr-gcc/4.9.2-atmel3.5.4-arduino2/bin/../lib/gcc/avr/4.9.2/avr5\libgcc.a(_exit.o)
 .text.libgcc.mul
                0x00000000        0x0 c:/users/carlos/.arduinocdt/packages/arduino/tools/avr-gcc/4.9.2-atmel3.5.4-arduino2/bin/../lib/gcc/avr/4.9.2/avr5\libgcc.a(_exit.o)
 .text.libgcc.div
                0x00000000        0x0 c:/users/carlos/.arduinocdt/packages/arduino/tools/avr-gcc/4.9.2-atmel3.5.4-arduino2/bin/../lib/gcc/avr/4.9.2/avr5\libgcc.a(_exit.o)
 .text.libgcc   0x00000000        0x0 c:/users/carlos/.arduinocdt/packages/arduino/tools/avr-gcc/4.9.2-atmel3.5.4-arduino2/bin/../lib/gcc/avr/4.9.2/avr5\libgcc.a(_exit.o)
 .text.libgcc.prologue
                0x00000000        0x0 c:/users/carlos/.arduinocdt/packages/arduino/tools/avr-gcc/4.9.2-atmel3.5.4-arduino2/bin/../lib/gcc/avr/4.9.2/avr5\libgcc.a(_exit.o)
 .text.libgcc.builtins
                0x00000000        0x0 c:/users/carlos/.arduinocdt/packages/arduino/tools/avr-gcc/4.9.2-atmel3.5.4-arduino2/bin/../lib/gcc/avr/4.9.2/avr5\libgcc.a(_exit.o)
 .text.libgcc.fmul
                0x00000000        0x0 c:/users/carlos/.arduinocdt/packages/arduino/tools/avr-gcc/4.9.2-atmel3.5.4-arduino2/bin/../lib/gcc/avr/4.9.2/avr5\libgcc.a(_exit.o)
 .text.libgcc.fixed
                0x00000000        0x0 c:/users/carlos/.arduinocdt/packages/arduino/tools/avr-gcc/4.9.2-atmel3.5.4-arduino2/bin/../lib/gcc/avr/4.9.2/avr5\libgcc.a(_exit.o)
 .text          0x00000000        0x0 c:/users/carlos/.arduinocdt/packages/arduino/tools/avr-gcc/4.9.2-atmel3.5.4-arduino2/bin/../lib/gcc/avr/4.9.2/../../../../avr/lib/avr5\libc.a(dtostrf.o)
 .data          0x00000000        0x0 c:/users/carlos/.arduinocdt/packages/arduino/tools/avr-gcc/4.9.2-atmel3.5.4-arduino2/bin/../lib/gcc/avr/4.9.2/../../../../avr/lib/avr5\libc.a(dtostrf.o)
 .bss           0x00000000        0x0 c:/users/carlos/.arduinocdt/packages/arduino/tools/avr-gcc/4.9.2-atmel3.5.4-arduino2/bin/../lib/gcc/avr/4.9.2/../../../../avr/lib/avr5\libc.a(dtostrf.o)
 .text.avr-libc
                0x00000000       0x40 c:/users/carlos/.arduinocdt/packages/arduino/tools/avr-gcc/4.9.2-atmel3.5.4-arduino2/bin/../lib/gcc/avr/4.9.2/../../../../avr/lib/avr5\libc.a(dtostrf.o)
 .comment       0x00000000       0x12 c:/users/carlos/.arduinocdt/packages/arduino/tools/avr-gcc/4.9.2-atmel3.5.4-arduino2/bin/../lib/gcc/avr/4.9.2/../../../../avr/lib/avr5\libc.a(dtostrf.o)
 .text          0x00000000        0x0 c:/users/carlos/.arduinocdt/packages/arduino/tools/avr-gcc/4.9.2-atmel3.5.4-arduino2/bin/../lib/gcc/avr/4.9.2/../../../../avr/lib/avr5\libc.a(atof.o)
 .data          0x00000000        0x0 c:/users/carlos/.arduinocdt/packages/arduino/tools/avr-gcc/4.9.2-atmel3.5.4-arduino2/bin/../lib/gcc/avr/4.9.2/../../../../avr/lib/avr5\libc.a(atof.o)
 .bss           0x00000000        0x0 c:/users/carlos/.arduinocdt/packages/arduino/tools/avr-gcc/4.9.2-atmel3.5.4-arduino2/bin/../lib/gcc/avr/4.9.2/../../../../avr/lib/avr5\libc.a(atof.o)
 .text.avr-libc
                0x00000000        0x8 c:/users/carlos/.arduinocdt/packages/arduino/tools/avr-gcc/4.9.2-atmel3.5.4-arduino2/bin/../lib/gcc/avr/4.9.2/../../../../avr/lib/avr5\libc.a(atof.o)
 .text          0x00000000        0x0 c:/users/carlos/.arduinocdt/packages/arduino/tools/avr-gcc/4.9.2-atmel3.5.4-arduino2/bin/../lib/gcc/avr/4.9.2/../../../../avr/lib/avr5\libc.a(atol.o)
 .data          0x00000000        0x0 c:/users/carlos/.arduinocdt/packages/arduino/tools/avr-gcc/4.9.2-atmel3.5.4-arduino2/bin/../lib/gcc/avr/4.9.2/../../../../avr/lib/avr5\libc.a(atol.o)
 .bss           0x00000000        0x0 c:/users/carlos/.arduinocdt/packages/arduino/tools/avr-gcc/4.9.2-atmel3.5.4-arduino2/bin/../lib/gcc/avr/4.9.2/../../../../avr/lib/avr5\libc.a(atol.o)
 .text.avr-libc
                0x00000000       0x4e c:/users/carlos/.arduinocdt/packages/arduino/tools/avr-gcc/4.9.2-atmel3.5.4-arduino2/bin/../lib/gcc/avr/4.9.2/../../../../avr/lib/avr5\libc.a(atol.o)
 .text          0x00000000        0x0 c:/users/carlos/.arduinocdt/packages/arduino/tools/avr-gcc/4.9.2-atmel3.5.4-arduino2/bin/../lib/gcc/avr/4.9.2/../../../../avr/lib/avr5\libc.a(strcpy_P.o)
 .data          0x00000000        0x0 c:/users/carlos/.arduinocdt/packages/arduino/tools/avr-gcc/4.9.2-atmel3.5.4-arduino2/bin/../lib/gcc/avr/4.9.2/../../../../avr/lib/avr5\libc.a(strcpy_P.o)
 .bss           0x00000000        0x0 c:/users/carlos/.arduinocdt/packages/arduino/tools/avr-gcc/4.9.2-atmel3.5.4-arduino2/bin/../lib/gcc/avr/4.9.2/../../../../avr/lib/avr5\libc.a(strcpy_P.o)
 .text.avr-libc
                0x00000000        0xe c:/users/carlos/.arduinocdt/packages/arduino/tools/avr-gcc/4.9.2-atmel3.5.4-arduino2/bin/../lib/gcc/avr/4.9.2/../../../../avr/lib/avr5\libc.a(strcpy_P.o)
 .text          0x00000000        0x0 c:/users/carlos/.arduinocdt/packages/arduino/tools/avr-gcc/4.9.2-atmel3.5.4-arduino2/bin/../lib/gcc/avr/4.9.2/../../../../avr/lib/avr5\libc.a(strlen_P.o)
 .data          0x00000000        0x0 c:/users/carlos/.arduinocdt/packages/arduino/tools/avr-gcc/4.9.2-atmel3.5.4-arduino2/bin/../lib/gcc/avr/4.9.2/../../../../avr/lib/avr5\libc.a(strlen_P.o)
 .bss           0x00000000        0x0 c:/users/carlos/.arduinocdt/packages/arduino/tools/avr-gcc/4.9.2-atmel3.5.4-arduino2/bin/../lib/gcc/avr/4.9.2/../../../../avr/lib/avr5\libc.a(strlen_P.o)
 .text.avr-libc
                0x00000000       0x12 c:/users/carlos/.arduinocdt/packages/arduino/tools/avr-gcc/4.9.2-atmel3.5.4-arduino2/bin/../lib/gcc/avr/4.9.2/../../../../avr/lib/avr5\libc.a(strlen_P.o)
 .text          0x00000000        0x0 c:/users/carlos/.arduinocdt/packages/arduino/tools/avr-gcc/4.9.2-atmel3.5.4-arduino2/bin/../lib/gcc/avr/4.9.2/../../../../avr/lib/avr5\libc.a(itoa.o)
 .data          0x00000000        0x0 c:/users/carlos/.arduinocdt/packages/arduino/tools/avr-gcc/4.9.2-atmel3.5.4-arduino2/bin/../lib/gcc/avr/4.9.2/../../../../avr/lib/avr5\libc.a(itoa.o)
 .bss           0x00000000        0x0 c:/users/carlos/.arduinocdt/packages/arduino/tools/avr-gcc/4.9.2-atmel3.5.4-arduino2/bin/../lib/gcc/avr/4.9.2/../../../../avr/lib/avr5\libc.a(itoa.o)
 .text.avr-libc
                0x00000000       0x16 c:/users/carlos/.arduinocdt/packages/arduino/tools/avr-gcc/4.9.2-atmel3.5.4-arduino2/bin/../lib/gcc/avr/4.9.2/../../../../avr/lib/avr5\libc.a(itoa.o)
 .text          0x00000000        0x0 c:/users/carlos/.arduinocdt/packages/arduino/tools/avr-gcc/4.9.2-atmel3.5.4-arduino2/bin/../lib/gcc/avr/4.9.2/../../../../avr/lib/avr5\libc.a(itoa_ncheck.o)
 .data          0x00000000        0x0 c:/users/carlos/.arduinocdt/packages/arduino/tools/avr-gcc/4.9.2-atmel3.5.4-arduino2/bin/../lib/gcc/avr/4.9.2/../../../../avr/lib/avr5\libc.a(itoa_ncheck.o)
 .bss           0x00000000        0x0 c:/users/carlos/.arduinocdt/packages/arduino/tools/avr-gcc/4.9.2-atmel3.5.4-arduino2/bin/../lib/gcc/avr/4.9.2/../../../../avr/lib/avr5\libc.a(itoa_ncheck.o)
 .text.avr-libc
                0x00000000       0x16 c:/users/carlos/.arduinocdt/packages/arduino/tools/avr-gcc/4.9.2-atmel3.5.4-arduino2/bin/../lib/gcc/avr/4.9.2/../../../../avr/lib/avr5\libc.a(itoa_ncheck.o)
 .text          0x00000000        0x0 c:/users/carlos/.arduinocdt/packages/arduino/tools/avr-gcc/4.9.2-atmel3.5.4-arduino2/bin/../lib/gcc/avr/4.9.2/../../../../avr/lib/avr5\libc.a(ltoa.o)
 .data          0x00000000        0x0 c:/users/carlos/.arduinocdt/packages/arduino/tools/avr-gcc/4.9.2-atmel3.5.4-arduino2/bin/../lib/gcc/avr/4.9.2/../../../../avr/lib/avr5\libc.a(ltoa.o)
 .bss           0x00000000        0x0 c:/users/carlos/.arduinocdt/packages/arduino/tools/avr-gcc/4.9.2-atmel3.5.4-arduino2/bin/../lib/gcc/avr/4.9.2/../../../../avr/lib/avr5\libc.a(ltoa.o)
 .text.avr-libc
                0x00000000       0x16 c:/users/carlos/.arduinocdt/packages/arduino/tools/avr-gcc/4.9.2-atmel3.5.4-arduino2/bin/../lib/gcc/avr/4.9.2/../../../../avr/lib/avr5\libc.a(ltoa.o)
 .text          0x00000000        0x0 c:/users/carlos/.arduinocdt/packages/arduino/tools/avr-gcc/4.9.2-atmel3.5.4-arduino2/bin/../lib/gcc/avr/4.9.2/../../../../avr/lib/avr5\libc.a(ltoa_ncheck.o)
 .data          0x00000000        0x0 c:/users/carlos/.arduinocdt/packages/arduino/tools/avr-gcc/4.9.2-atmel3.5.4-arduino2/bin/../lib/gcc/avr/4.9.2/../../../../avr/lib/avr5\libc.a(ltoa_ncheck.o)
 .bss           0x00000000        0x0 c:/users/carlos/.arduinocdt/packages/arduino/tools/avr-gcc/4.9.2-atmel3.5.4-arduino2/bin/../lib/gcc/avr/4.9.2/../../../../avr/lib/avr5\libc.a(ltoa_ncheck.o)
 .text.avr-libc
                0x00000000       0x1e c:/users/carlos/.arduinocdt/packages/arduino/tools/avr-gcc/4.9.2-atmel3.5.4-arduino2/bin/../lib/gcc/avr/4.9.2/../../../../avr/lib/avr5\libc.a(ltoa_ncheck.o)
 .text          0x00000000        0x0 c:/users/carlos/.arduinocdt/packages/arduino/tools/avr-gcc/4.9.2-atmel3.5.4-arduino2/bin/../lib/gcc/avr/4.9.2/../../../../avr/lib/avr5\libc.a(mulsi10.o)
 .data          0x00000000        0x0 c:/users/carlos/.arduinocdt/packages/arduino/tools/avr-gcc/4.9.2-atmel3.5.4-arduino2/bin/../lib/gcc/avr/4.9.2/../../../../avr/lib/avr5\libc.a(mulsi10.o)
 .bss           0x00000000        0x0 c:/users/carlos/.arduinocdt/packages/arduino/tools/avr-gcc/4.9.2-atmel3.5.4-arduino2/bin/../lib/gcc/avr/4.9.2/../../../../avr/lib/avr5\libc.a(mulsi10.o)
 .text.avr-libc
                0x00000000       0x2a c:/users/carlos/.arduinocdt/packages/arduino/tools/avr-gcc/4.9.2-atmel3.5.4-arduino2/bin/../lib/gcc/avr/4.9.2/../../../../avr/lib/avr5\libc.a(mulsi10.o)
 .text          0x00000000        0x0 c:/users/carlos/.arduinocdt/packages/arduino/tools/avr-gcc/4.9.2-atmel3.5.4-arduino2/bin/../lib/gcc/avr/4.9.2/../../../../avr/lib/avr5\libc.a(ultoa.o)
 .data          0x00000000        0x0 c:/users/carlos/.arduinocdt/packages/arduino/tools/avr-gcc/4.9.2-atmel3.5.4-arduino2/bin/../lib/gcc/avr/4.9.2/../../../../avr/lib/avr5\libc.a(ultoa.o)
 .bss           0x00000000        0x0 c:/users/carlos/.arduinocdt/packages/arduino/tools/avr-gcc/4.9.2-atmel3.5.4-arduino2/bin/../lib/gcc/avr/4.9.2/../../../../avr/lib/avr5\libc.a(ultoa.o)
 .text.avr-libc
                0x00000000       0x16 c:/users/carlos/.arduinocdt/packages/arduino/tools/avr-gcc/4.9.2-atmel3.5.4-arduino2/bin/../lib/gcc/avr/4.9.2/../../../../avr/lib/avr5\libc.a(ultoa.o)
 .text          0x00000000        0x0 c:/users/carlos/.arduinocdt/packages/arduino/tools/avr-gcc/4.9.2-atmel3.5.4-arduino2/bin/../lib/gcc/avr/4.9.2/../../../../avr/lib/avr5\libc.a(ultoa_ncheck.o)
 .data          0x00000000        0x0 c:/users/carlos/.arduinocdt/packages/arduino/tools/avr-gcc/4.9.2-atmel3.5.4-arduino2/bin/../lib/gcc/avr/4.9.2/../../../../avr/lib/avr5\libc.a(ultoa_ncheck.o)
 .bss           0x00000000        0x0 c:/users/carlos/.arduinocdt/packages/arduino/tools/avr-gcc/4.9.2-atmel3.5.4-arduino2/bin/../lib/gcc/avr/4.9.2/../../../../avr/lib/avr5\libc.a(ultoa_ncheck.o)
 .text.avr-libc
                0x00000000       0x44 c:/users/carlos/.arduinocdt/packages/arduino/tools/avr-gcc/4.9.2-atmel3.5.4-arduino2/bin/../lib/gcc/avr/4.9.2/../../../../avr/lib/avr5\libc.a(ultoa_ncheck.o)
 .text          0x00000000        0x0 c:/users/carlos/.arduinocdt/packages/arduino/tools/avr-gcc/4.9.2-atmel3.5.4-arduino2/bin/../lib/gcc/avr/4.9.2/../../../../avr/lib/avr5\libc.a(utoa.o)
 .data          0x00000000        0x0 c:/users/carlos/.arduinocdt/packages/arduino/tools/avr-gcc/4.9.2-atmel3.5.4-arduino2/bin/../lib/gcc/avr/4.9.2/../../../../avr/lib/avr5\libc.a(utoa.o)
 .bss           0x00000000        0x0 c:/users/carlos/.arduinocdt/packages/arduino/tools/avr-gcc/4.9.2-atmel3.5.4-arduino2/bin/../lib/gcc/avr/4.9.2/../../../../avr/lib/avr5\libc.a(utoa.o)
 .text.avr-libc
                0x00000000       0x16 c:/users/carlos/.arduinocdt/packages/arduino/tools/avr-gcc/4.9.2-atmel3.5.4-arduino2/bin/../lib/gcc/avr/4.9.2/../../../../avr/lib/avr5\libc.a(utoa.o)
 .text          0x00000000        0x0 c:/users/carlos/.arduinocdt/packages/arduino/tools/avr-gcc/4.9.2-atmel3.5.4-arduino2/bin/../lib/gcc/avr/4.9.2/../../../../avr/lib/avr5\libc.a(utoa_ncheck.o)
 .data          0x00000000        0x0 c:/users/carlos/.arduinocdt/packages/arduino/tools/avr-gcc/4.9.2-atmel3.5.4-arduino2/bin/../lib/gcc/avr/4.9.2/../../../../avr/lib/avr5\libc.a(utoa_ncheck.o)
 .bss           0x00000000        0x0 c:/users/carlos/.arduinocdt/packages/arduino/tools/avr-gcc/4.9.2-atmel3.5.4-arduino2/bin/../lib/gcc/avr/4.9.2/../../../../avr/lib/avr5\libc.a(utoa_ncheck.o)
 .text          0x00000000        0x0 c:/users/carlos/.arduinocdt/packages/arduino/tools/avr-gcc/4.9.2-atmel3.5.4-arduino2/bin/../lib/gcc/avr/4.9.2/../../../../avr/lib/avr5\libc.a(dtoa_prf.o)
 .data          0x00000000        0x0 c:/users/carlos/.arduinocdt/packages/arduino/tools/avr-gcc/4.9.2-atmel3.5.4-arduino2/bin/../lib/gcc/avr/4.9.2/../../../../avr/lib/avr5\libc.a(dtoa_prf.o)
 .bss           0x00000000        0x0 c:/users/carlos/.arduinocdt/packages/arduino/tools/avr-gcc/4.9.2-atmel3.5.4-arduino2/bin/../lib/gcc/avr/4.9.2/../../../../avr/lib/avr5\libc.a(dtoa_prf.o)
 .text.avr-libc
                0x00000000      0x31c c:/users/carlos/.arduinocdt/packages/arduino/tools/avr-gcc/4.9.2-atmel3.5.4-arduino2/bin/../lib/gcc/avr/4.9.2/../../../../avr/lib/avr5\libc.a(dtoa_prf.o)
 .comment       0x00000000       0x12 c:/users/carlos/.arduinocdt/packages/arduino/tools/avr-gcc/4.9.2-atmel3.5.4-arduino2/bin/../lib/gcc/avr/4.9.2/../../../../avr/lib/avr5\libc.a(dtoa_prf.o)
 .text          0x00000000        0x0 c:/users/carlos/.arduinocdt/packages/arduino/tools/avr-gcc/4.9.2-atmel3.5.4-arduino2/bin/../lib/gcc/avr/4.9.2/../../../../avr/lib/avr5\libc.a(strtod.o)
 .data          0x00000000        0x0 c:/users/carlos/.arduinocdt/packages/arduino/tools/avr-gcc/4.9.2-atmel3.5.4-arduino2/bin/../lib/gcc/avr/4.9.2/../../../../avr/lib/avr5\libc.a(strtod.o)
 .bss           0x00000000        0x0 c:/users/carlos/.arduinocdt/packages/arduino/tools/avr-gcc/4.9.2-atmel3.5.4-arduino2/bin/../lib/gcc/avr/4.9.2/../../../../avr/lib/avr5\libc.a(strtod.o)
 .text.avr-libc
                0x00000000      0x2ba c:/users/carlos/.arduinocdt/packages/arduino/tools/avr-gcc/4.9.2-atmel3.5.4-arduino2/bin/../lib/gcc/avr/4.9.2/../../../../avr/lib/avr5\libc.a(strtod.o)
 .progmem.data  0x00000000       0x3b c:/users/carlos/.arduinocdt/packages/arduino/tools/avr-gcc/4.9.2-atmel3.5.4-arduino2/bin/../lib/gcc/avr/4.9.2/../../../../avr/lib/avr5\libc.a(strtod.o)
 .comment       0x00000000       0x12 c:/users/carlos/.arduinocdt/packages/arduino/tools/avr-gcc/4.9.2-atmel3.5.4-arduino2/bin/../lib/gcc/avr/4.9.2/../../../../avr/lib/avr5\libc.a(strtod.o)
 .text          0x00000000        0x0 c:/users/carlos/.arduinocdt/packages/arduino/tools/avr-gcc/4.9.2-atmel3.5.4-arduino2/bin/../lib/gcc/avr/4.9.2/../../../../avr/lib/avr5\libc.a(ftoa_engine.o)
 .data          0x00000000        0x0 c:/users/carlos/.arduinocdt/packages/arduino/tools/avr-gcc/4.9.2-atmel3.5.4-arduino2/bin/../lib/gcc/avr/4.9.2/../../../../avr/lib/avr5\libc.a(ftoa_engine.o)
 .bss           0x00000000        0x0 c:/users/carlos/.arduinocdt/packages/arduino/tools/avr-gcc/4.9.2-atmel3.5.4-arduino2/bin/../lib/gcc/avr/4.9.2/../../../../avr/lib/avr5\libc.a(ftoa_engine.o)
 .text.avr-libc
                0x00000000      0x1b0 c:/users/carlos/.arduinocdt/packages/arduino/tools/avr-gcc/4.9.2-atmel3.5.4-arduino2/bin/../lib/gcc/avr/4.9.2/../../../../avr/lib/avr5\libc.a(ftoa_engine.o)
 .progmem.data  0x00000000       0xfa c:/users/carlos/.arduinocdt/packages/arduino/tools/avr-gcc/4.9.2-atmel3.5.4-arduino2/bin/../lib/gcc/avr/4.9.2/../../../../avr/lib/avr5\libc.a(ftoa_engine.o)
 .text          0x00000000        0x0 c:/users/carlos/.arduinocdt/packages/arduino/tools/avr-gcc/4.9.2-atmel3.5.4-arduino2/bin/../lib/gcc/avr/4.9.2/../../../../avr/lib/avr5\libc.a(isspace.o)
 .data          0x00000000        0x0 c:/users/carlos/.arduinocdt/packages/arduino/tools/avr-gcc/4.9.2-atmel3.5.4-arduino2/bin/../lib/gcc/avr/4.9.2/../../../../avr/lib/avr5\libc.a(isspace.o)
 .bss           0x00000000        0x0 c:/users/carlos/.arduinocdt/packages/arduino/tools/avr-gcc/4.9.2-atmel3.5.4-arduino2/bin/../lib/gcc/avr/4.9.2/../../../../avr/lib/avr5\libc.a(isspace.o)
 .text.avr-libc
                0x00000000       0x12 c:/users/carlos/.arduinocdt/packages/arduino/tools/avr-gcc/4.9.2-atmel3.5.4-arduino2/bin/../lib/gcc/avr/4.9.2/../../../../avr/lib/avr5\libc.a(isspace.o)
 .text          0x00000000        0x0 c:/users/carlos/.arduinocdt/packages/arduino/tools/avr-gcc/4.9.2-atmel3.5.4-arduino2/bin/../lib/gcc/avr/4.9.2/../../../../avr/lib/avr5\libc.a(strncasecmp_P.o)
 .data          0x00000000        0x0 c:/users/carlos/.arduinocdt/packages/arduino/tools/avr-gcc/4.9.2-atmel3.5.4-arduino2/bin/../lib/gcc/avr/4.9.2/../../../../avr/lib/avr5\libc.a(strncasecmp_P.o)
 .bss           0x00000000        0x0 c:/users/carlos/.arduinocdt/packages/arduino/tools/avr-gcc/4.9.2-atmel3.5.4-arduino2/bin/../lib/gcc/avr/4.9.2/../../../../avr/lib/avr5\libc.a(strncasecmp_P.o)
 .text.avr-libc
                0x00000000       0x30 c:/users/carlos/.arduinocdt/packages/arduino/tools/avr-gcc/4.9.2-atmel3.5.4-arduino2/bin/../lib/gcc/avr/4.9.2/../../../../avr/lib/avr5\libc.a(strncasecmp_P.o)
 .text          0x00000000        0x0 c:/users/carlos/.arduinocdt/packages/arduino/tools/avr-gcc/4.9.2-atmel3.5.4-arduino2/bin/../lib/gcc/avr/4.9.2/../../../../avr/lib/avr5\libc.a(strrev.o)
 .data          0x00000000        0x0 c:/users/carlos/.arduinocdt/packages/arduino/tools/avr-gcc/4.9.2-atmel3.5.4-arduino2/bin/../lib/gcc/avr/4.9.2/../../../../avr/lib/avr5\libc.a(strrev.o)
 .bss           0x00000000        0x0 c:/users/carlos/.arduinocdt/packages/arduino/tools/avr-gcc/4.9.2-atmel3.5.4-arduino2/bin/../lib/gcc/avr/4.9.2/../../../../avr/lib/avr5\libc.a(strrev.o)
 .text          0x00000000        0x0 c:/users/carlos/.arduinocdt/packages/arduino/tools/avr-gcc/4.9.2-atmel3.5.4-arduino2/bin/../lib/gcc/avr/4.9.2/../../../../avr/lib/avr5\libc.a(cmpsf2.o)
 .data          0x00000000        0x0 c:/users/carlos/.arduinocdt/packages/arduino/tools/avr-gcc/4.9.2-atmel3.5.4-arduino2/bin/../lib/gcc/avr/4.9.2/../../../../avr/lib/avr5\libc.a(cmpsf2.o)
 .bss           0x00000000        0x0 c:/users/carlos/.arduinocdt/packages/arduino/tools/avr-gcc/4.9.2-atmel3.5.4-arduino2/bin/../lib/gcc/avr/4.9.2/../../../../avr/lib/avr5\libc.a(cmpsf2.o)
 .text          0x00000000        0x0 c:/users/carlos/.arduinocdt/packages/arduino/tools/avr-gcc/4.9.2-atmel3.5.4-arduino2/bin/../lib/gcc/avr/4.9.2/../../../../avr/lib/avr5\libc.a(floatsisf.o)
 .data          0x00000000        0x0 c:/users/carlos/.arduinocdt/packages/arduino/tools/avr-gcc/4.9.2-atmel3.5.4-arduino2/bin/../lib/gcc/avr/4.9.2/../../../../avr/lib/avr5\libc.a(floatsisf.o)
 .bss           0x00000000        0x0 c:/users/carlos/.arduinocdt/packages/arduino/tools/avr-gcc/4.9.2-atmel3.5.4-arduino2/bin/../lib/gcc/avr/4.9.2/../../../../avr/lib/avr5\libc.a(floatsisf.o)
 .text          0x00000000        0x0 c:/users/carlos/.arduinocdt/packages/arduino/tools/avr-gcc/4.9.2-atmel3.5.4-arduino2/bin/../lib/gcc/avr/4.9.2/../../../../avr/lib/avr5\libc.a(fp_cmp.o)
 .data          0x00000000        0x0 c:/users/carlos/.arduinocdt/packages/arduino/tools/avr-gcc/4.9.2-atmel3.5.4-arduino2/bin/../lib/gcc/avr/4.9.2/../../../../avr/lib/avr5\libc.a(fp_cmp.o)
 .bss           0x00000000        0x0 c:/users/carlos/.arduinocdt/packages/arduino/tools/avr-gcc/4.9.2-atmel3.5.4-arduino2/bin/../lib/gcc/avr/4.9.2/../../../../avr/lib/avr5\libc.a(fp_cmp.o)
 .text          0x00000000        0x0 c:/users/carlos/.arduinocdt/packages/arduino/tools/avr-gcc/4.9.2-atmel3.5.4-arduino2/bin/../lib/gcc/avr/4.9.2/../../../../avr/lib/avr5\libc.a(mulsf3.o)
 .data          0x00000000        0x0 c:/users/carlos/.arduinocdt/packages/arduino/tools/avr-gcc/4.9.2-atmel3.5.4-arduino2/bin/../lib/gcc/avr/4.9.2/../../../../avr/lib/avr5\libc.a(mulsf3.o)
 .bss           0x00000000        0x0 c:/users/carlos/.arduinocdt/packages/arduino/tools/avr-gcc/4.9.2-atmel3.5.4-arduino2/bin/../lib/gcc/avr/4.9.2/../../../../avr/lib/avr5\libc.a(mulsf3.o)
 .text          0x00000000        0x0 c:/users/carlos/.arduinocdt/packages/arduino/tools/avr-gcc/4.9.2-atmel3.5.4-arduino2/bin/../lib/gcc/avr/4.9.2/../../../../avr/lib/avr5\libc.a(mulsf3x.o)
 .data          0x00000000        0x0 c:/users/carlos/.arduinocdt/packages/arduino/tools/avr-gcc/4.9.2-atmel3.5.4-arduino2/bin/../lib/gcc/avr/4.9.2/../../../../avr/lib/avr5\libc.a(mulsf3x.o)
 .bss           0x00000000        0x0 c:/users/carlos/.arduinocdt/packages/arduino/tools/avr-gcc/4.9.2-atmel3.5.4-arduino2/bin/../lib/gcc/avr/4.9.2/../../../../avr/lib/avr5\libc.a(mulsf3x.o)
 .text          0x00000000        0x0 c:/users/carlos/.arduinocdt/packages/arduino/tools/avr-gcc/4.9.2-atmel3.5.4-arduino2/bin/../lib/gcc/avr/4.9.2/../../../../avr/lib/avr5\libc.a(errno.o)
 .data          0x00000000        0x0 c:/users/carlos/.arduinocdt/packages/arduino/tools/avr-gcc/4.9.2-atmel3.5.4-arduino2/bin/../lib/gcc/avr/4.9.2/../../../../avr/lib/avr5\libc.a(errno.o)
 .bss           0x00000000        0x0 c:/users/carlos/.arduinocdt/packages/arduino/tools/avr-gcc/4.9.2-atmel3.5.4-arduino2/bin/../lib/gcc/avr/4.9.2/../../../../avr/lib/avr5\libc.a(errno.o)
 .comment       0x00000000       0x12 c:/users/carlos/.arduinocdt/packages/arduino/tools/avr-gcc/4.9.2-atmel3.5.4-arduino2/bin/../lib/gcc/avr/4.9.2/../../../../avr/lib/avr5\libc.a(errno.o)
 COMMON         0x00000000        0x2 c:/users/carlos/.arduinocdt/packages/arduino/tools/avr-gcc/4.9.2-atmel3.5.4-arduino2/bin/../lib/gcc/avr/4.9.2/../../../../avr/lib/avr5\libc.a(errno.o)
 .text          0x00000000        0x0 c:/users/carlos/.arduinocdt/packages/arduino/tools/avr-gcc/4.9.2-atmel3.5.4-arduino2/bin/../lib/gcc/avr/4.9.2/../../../../avr/lib/avr5\libc.a(cty_isfalse.o)
 .data          0x00000000        0x0 c:/users/carlos/.arduinocdt/packages/arduino/tools/avr-gcc/4.9.2-atmel3.5.4-arduino2/bin/../lib/gcc/avr/4.9.2/../../../../avr/lib/avr5\libc.a(cty_isfalse.o)
 .bss           0x00000000        0x0 c:/users/carlos/.arduinocdt/packages/arduino/tools/avr-gcc/4.9.2-atmel3.5.4-arduino2/bin/../lib/gcc/avr/4.9.2/../../../../avr/lib/avr5\libc.a(cty_isfalse.o)
 .text.avr-libc
                0x00000000        0x6 c:/users/carlos/.arduinocdt/packages/arduino/tools/avr-gcc/4.9.2-atmel3.5.4-arduino2/bin/../lib/gcc/avr/4.9.2/../../../../avr/lib/avr5\libc.a(cty_isfalse.o)
 .text          0x00000000        0x0 c:/users/carlos/.arduinocdt/packages/arduino/tools/avr-gcc/4.9.2-atmel3.5.4-arduino2/bin/../lib/gcc/avr/4.9.2/../../../../avr/lib/avr5\libc.a(fp_inf.o)
 .data          0x00000000        0x0 c:/users/carlos/.arduinocdt/packages/arduino/tools/avr-gcc/4.9.2-atmel3.5.4-arduino2/bin/../lib/gcc/avr/4.9.2/../../../../avr/lib/avr5\libc.a(fp_inf.o)
 .bss           0x00000000        0x0 c:/users/carlos/.arduinocdt/packages/arduino/tools/avr-gcc/4.9.2-atmel3.5.4-arduino2/bin/../lib/gcc/avr/4.9.2/../../../../avr/lib/avr5\libc.a(fp_inf.o)
 .text          0x00000000        0x0 c:/users/carlos/.arduinocdt/packages/arduino/tools/avr-gcc/4.9.2-atmel3.5.4-arduino2/bin/../lib/gcc/avr/4.9.2/../../../../avr/lib/avr5\libc.a(fp_nan.o)
 .data          0x00000000        0x0 c:/users/carlos/.arduinocdt/packages/arduino/tools/avr-gcc/4.9.2-atmel3.5.4-arduino2/bin/../lib/gcc/avr/4.9.2/../../../../avr/lib/avr5\libc.a(fp_nan.o)
 .bss           0x00000000        0x0 c:/users/carlos/.arduinocdt/packages/arduino/tools/avr-gcc/4.9.2-atmel3.5.4-arduino2/bin/../lib/gcc/avr/4.9.2/../../../../avr/lib/avr5\libc.a(fp_nan.o)
 .text          0x00000000        0x0 c:/users/carlos/.arduinocdt/packages/arduino/tools/avr-gcc/4.9.2-atmel3.5.4-arduino2/bin/../lib/gcc/avr/4.9.2/../../../../avr/lib/avr5\libc.a(fp_pscA.o)
 .data          0x00000000        0x0 c:/users/carlos/.arduinocdt/packages/arduino/tools/avr-gcc/4.9.2-atmel3.5.4-arduino2/bin/../lib/gcc/avr/4.9.2/../../../../avr/lib/avr5\libc.a(fp_pscA.o)
 .bss           0x00000000        0x0 c:/users/carlos/.arduinocdt/packages/arduino/tools/avr-gcc/4.9.2-atmel3.5.4-arduino2/bin/../lib/gcc/avr/4.9.2/../../../../avr/lib/avr5\libc.a(fp_pscA.o)
 .text          0x00000000        0x0 c:/users/carlos/.arduinocdt/packages/arduino/tools/avr-gcc/4.9.2-atmel3.5.4-arduino2/bin/../lib/gcc/avr/4.9.2/../../../../avr/lib/avr5\libc.a(fp_pscB.o)
 .data          0x00000000        0x0 c:/users/carlos/.arduinocdt/packages/arduino/tools/avr-gcc/4.9.2-atmel3.5.4-arduino2/bin/../lib/gcc/avr/4.9.2/../../../../avr/lib/avr5\libc.a(fp_pscB.o)
 .bss           0x00000000        0x0 c:/users/carlos/.arduinocdt/packages/arduino/tools/avr-gcc/4.9.2-atmel3.5.4-arduino2/bin/../lib/gcc/avr/4.9.2/../../../../avr/lib/avr5\libc.a(fp_pscB.o)
 .text          0x00000000        0x0 c:/users/carlos/.arduinocdt/packages/arduino/tools/avr-gcc/4.9.2-atmel3.5.4-arduino2/bin/../lib/gcc/avr/4.9.2/../../../../avr/lib/avr5\libc.a(fp_round.o)
 .data          0x00000000        0x0 c:/users/carlos/.arduinocdt/packages/arduino/tools/avr-gcc/4.9.2-atmel3.5.4-arduino2/bin/../lib/gcc/avr/4.9.2/../../../../avr/lib/avr5\libc.a(fp_round.o)
 .bss           0x00000000        0x0 c:/users/carlos/.arduinocdt/packages/arduino/tools/avr-gcc/4.9.2-atmel3.5.4-arduino2/bin/../lib/gcc/avr/4.9.2/../../../../avr/lib/avr5\libc.a(fp_round.o)
 .text          0x00000000        0x0 c:/users/carlos/.arduinocdt/packages/arduino/tools/avr-gcc/4.9.2-atmel3.5.4-arduino2/bin/../lib/gcc/avr/4.9.2/../../../../avr/lib/avr5\libc.a(fp_split3.o)
 .data          0x00000000        0x0 c:/users/carlos/.arduinocdt/packages/arduino/tools/avr-gcc/4.9.2-atmel3.5.4-arduino2/bin/../lib/gcc/avr/4.9.2/../../../../avr/lib/avr5\libc.a(fp_split3.o)
 .bss           0x00000000        0x0 c:/users/carlos/.arduinocdt/packages/arduino/tools/avr-gcc/4.9.2-atmel3.5.4-arduino2/bin/../lib/gcc/avr/4.9.2/../../../../avr/lib/avr5\libc.a(fp_split3.o)
 .text          0x00000000        0x0 c:/users/carlos/.arduinocdt/packages/arduino/tools/avr-gcc/4.9.2-atmel3.5.4-arduino2/bin/../lib/gcc/avr/4.9.2/../../../../avr/lib/avr5\libc.a(fp_zero.o)
 .data          0x00000000        0x0 c:/users/carlos/.arduinocdt/packages/arduino/tools/avr-gcc/4.9.2-atmel3.5.4-arduino2/bin/../lib/gcc/avr/4.9.2/../../../../avr/lib/avr5\libc.a(fp_zero.o)
 .bss           0x00000000        0x0 c:/users/carlos/.arduinocdt/packages/arduino/tools/avr-gcc/4.9.2-atmel3.5.4-arduino2/bin/../lib/gcc/avr/4.9.2/../../../../avr/lib/avr5\libc.a(fp_zero.o)
 .text          0x00000000        0x0 c:/users/carlos/.arduinocdt/packages/arduino/tools/avr-gcc/4.9.2-atmel3.5.4-arduino2/bin/../lib/gcc/avr/4.9.2/avr5\libgcc.a(_clear_bss.o)
 .data          0x00000000        0x0 c:/users/carlos/.arduinocdt/packages/arduino/tools/avr-gcc/4.9.2-atmel3.5.4-arduino2/bin/../lib/gcc/avr/4.9.2/avr5\libgcc.a(_clear_bss.o)
 .bss           0x00000000        0x0 c:/users/carlos/.arduinocdt/packages/arduino/tools/avr-gcc/4.9.2-atmel3.5.4-arduino2/bin/../lib/gcc/avr/4.9.2/avr5\libgcc.a(_clear_bss.o)
 .text.libgcc.mul
                0x00000000        0x0 c:/users/carlos/.arduinocdt/packages/arduino/tools/avr-gcc/4.9.2-atmel3.5.4-arduino2/bin/../lib/gcc/avr/4.9.2/avr5\libgcc.a(_clear_bss.o)
 .text.libgcc.div
                0x00000000        0x0 c:/users/carlos/.arduinocdt/packages/arduino/tools/avr-gcc/4.9.2-atmel3.5.4-arduino2/bin/../lib/gcc/avr/4.9.2/avr5\libgcc.a(_clear_bss.o)
 .text.libgcc   0x00000000        0x0 c:/users/carlos/.arduinocdt/packages/arduino/tools/avr-gcc/4.9.2-atmel3.5.4-arduino2/bin/../lib/gcc/avr/4.9.2/avr5\libgcc.a(_clear_bss.o)
 .text.libgcc.prologue
                0x00000000        0x0 c:/users/carlos/.arduinocdt/packages/arduino/tools/avr-gcc/4.9.2-atmel3.5.4-arduino2/bin/../lib/gcc/avr/4.9.2/avr5\libgcc.a(_clear_bss.o)
 .text.libgcc.builtins
                0x00000000        0x0 c:/users/carlos/.arduinocdt/packages/arduino/tools/avr-gcc/4.9.2-atmel3.5.4-arduino2/bin/../lib/gcc/avr/4.9.2/avr5\libgcc.a(_clear_bss.o)
 .text.libgcc.fmul
                0x00000000        0x0 c:/users/carlos/.arduinocdt/packages/arduino/tools/avr-gcc/4.9.2-atmel3.5.4-arduino2/bin/../lib/gcc/avr/4.9.2/avr5\libgcc.a(_clear_bss.o)
 .text.libgcc.fixed
                0x00000000        0x0 c:/users/carlos/.arduinocdt/packages/arduino/tools/avr-gcc/4.9.2-atmel3.5.4-arduino2/bin/../lib/gcc/avr/4.9.2/avr5\libgcc.a(_clear_bss.o)
 .text          0x00000000        0x0 c:/users/carlos/.arduinocdt/packages/arduino/tools/avr-gcc/4.9.2-atmel3.5.4-arduino2/bin/../lib/gcc/avr/4.9.2/avr5\libgcc.a(_muluhisi3.o)
 .data          0x00000000        0x0 c:/users/carlos/.arduinocdt/packages/arduino/tools/avr-gcc/4.9.2-atmel3.5.4-arduino2/bin/../lib/gcc/avr/4.9.2/avr5\libgcc.a(_muluhisi3.o)
 .bss           0x00000000        0x0 c:/users/carlos/.arduinocdt/packages/arduino/tools/avr-gcc/4.9.2-atmel3.5.4-arduino2/bin/../lib/gcc/avr/4.9.2/avr5\libgcc.a(_muluhisi3.o)
 .text.libgcc.mul
                0x00000000       0x16 c:/users/carlos/.arduinocdt/packages/arduino/tools/avr-gcc/4.9.2-atmel3.5.4-arduino2/bin/../lib/gcc/avr/4.9.2/avr5\libgcc.a(_muluhisi3.o)
 .text.libgcc.div
                0x00000000        0x0 c:/users/carlos/.arduinocdt/packages/arduino/tools/avr-gcc/4.9.2-atmel3.5.4-arduino2/bin/../lib/gcc/avr/4.9.2/avr5\libgcc.a(_muluhisi3.o)
 .text.libgcc   0x00000000        0x0 c:/users/carlos/.arduinocdt/packages/arduino/tools/avr-gcc/4.9.2-atmel3.5.4-arduino2/bin/../lib/gcc/avr/4.9.2/avr5\libgcc.a(_muluhisi3.o)
 .text.libgcc.prologue
                0x00000000        0x0 c:/users/carlos/.arduinocdt/packages/arduino/tools/avr-gcc/4.9.2-atmel3.5.4-arduino2/bin/../lib/gcc/avr/4.9.2/avr5\libgcc.a(_muluhisi3.o)
 .text.libgcc.builtins
                0x00000000        0x0 c:/users/carlos/.arduinocdt/packages/arduino/tools/avr-gcc/4.9.2-atmel3.5.4-arduino2/bin/../lib/gcc/avr/4.9.2/avr5\libgcc.a(_muluhisi3.o)
 .text.libgcc.fmul
                0x00000000        0x0 c:/users/carlos/.arduinocdt/packages/arduino/tools/avr-gcc/4.9.2-atmel3.5.4-arduino2/bin/../lib/gcc/avr/4.9.2/avr5\libgcc.a(_muluhisi3.o)
 .text.libgcc.fixed
                0x00000000        0x0 c:/users/carlos/.arduinocdt/packages/arduino/tools/avr-gcc/4.9.2-atmel3.5.4-arduino2/bin/../lib/gcc/avr/4.9.2/avr5\libgcc.a(_muluhisi3.o)
 .text          0x00000000        0x0 c:/users/carlos/.arduinocdt/packages/arduino/tools/avr-gcc/4.9.2-atmel3.5.4-arduino2/bin/../lib/gcc/avr/4.9.2/avr5\libgcc.a(_prologue.o)
 .data          0x00000000        0x0 c:/users/carlos/.arduinocdt/packages/arduino/tools/avr-gcc/4.9.2-atmel3.5.4-arduino2/bin/../lib/gcc/avr/4.9.2/avr5\libgcc.a(_prologue.o)
 .bss           0x00000000        0x0 c:/users/carlos/.arduinocdt/packages/arduino/tools/avr-gcc/4.9.2-atmel3.5.4-arduino2/bin/../lib/gcc/avr/4.9.2/avr5\libgcc.a(_prologue.o)
 .text.libgcc.mul
                0x00000000        0x0 c:/users/carlos/.arduinocdt/packages/arduino/tools/avr-gcc/4.9.2-atmel3.5.4-arduino2/bin/../lib/gcc/avr/4.9.2/avr5\libgcc.a(_prologue.o)
 .text.libgcc.div
                0x00000000        0x0 c:/users/carlos/.arduinocdt/packages/arduino/tools/avr-gcc/4.9.2-atmel3.5.4-arduino2/bin/../lib/gcc/avr/4.9.2/avr5\libgcc.a(_prologue.o)
 .text.libgcc   0x00000000        0x0 c:/users/carlos/.arduinocdt/packages/arduino/tools/avr-gcc/4.9.2-atmel3.5.4-arduino2/bin/../lib/gcc/avr/4.9.2/avr5\libgcc.a(_prologue.o)
 .text.libgcc.builtins
                0x00000000        0x0 c:/users/carlos/.arduinocdt/packages/arduino/tools/avr-gcc/4.9.2-atmel3.5.4-arduino2/bin/../lib/gcc/avr/4.9.2/avr5\libgcc.a(_prologue.o)
 .text.libgcc.fmul
                0x00000000        0x0 c:/users/carlos/.arduinocdt/packages/arduino/tools/avr-gcc/4.9.2-atmel3.5.4-arduino2/bin/../lib/gcc/avr/4.9.2/avr5\libgcc.a(_prologue.o)
 .text.libgcc.fixed
                0x00000000        0x0 c:/users/carlos/.arduinocdt/packages/arduino/tools/avr-gcc/4.9.2-atmel3.5.4-arduino2/bin/../lib/gcc/avr/4.9.2/avr5\libgcc.a(_prologue.o)
 .text          0x00000000        0x0 c:/users/carlos/.arduinocdt/packages/arduino/tools/avr-gcc/4.9.2-atmel3.5.4-arduino2/bin/../lib/gcc/avr/4.9.2/avr5\libgcc.a(_epilogue.o)
 .data          0x00000000        0x0 c:/users/carlos/.arduinocdt/packages/arduino/tools/avr-gcc/4.9.2-atmel3.5.4-arduino2/bin/../lib/gcc/avr/4.9.2/avr5\libgcc.a(_epilogue.o)
 .bss           0x00000000        0x0 c:/users/carlos/.arduinocdt/packages/arduino/tools/avr-gcc/4.9.2-atmel3.5.4-arduino2/bin/../lib/gcc/avr/4.9.2/avr5\libgcc.a(_epilogue.o)
 .text.libgcc.mul
                0x00000000        0x0 c:/users/carlos/.arduinocdt/packages/arduino/tools/avr-gcc/4.9.2-atmel3.5.4-arduino2/bin/../lib/gcc/avr/4.9.2/avr5\libgcc.a(_epilogue.o)
 .text.libgcc.div
                0x00000000        0x0 c:/users/carlos/.arduinocdt/packages/arduino/tools/avr-gcc/4.9.2-atmel3.5.4-arduino2/bin/../lib/gcc/avr/4.9.2/avr5\libgcc.a(_epilogue.o)
 .text.libgcc   0x00000000        0x0 c:/users/carlos/.arduinocdt/packages/arduino/tools/avr-gcc/4.9.2-atmel3.5.4-arduino2/bin/../lib/gcc/avr/4.9.2/avr5\libgcc.a(_epilogue.o)
 .text.libgcc.builtins
                0x00000000        0x0 c:/users/carlos/.arduinocdt/packages/arduino/tools/avr-gcc/4.9.2-atmel3.5.4-arduino2/bin/../lib/gcc/avr/4.9.2/avr5\libgcc.a(_epilogue.o)
 .text.libgcc.fmul
                0x00000000        0x0 c:/users/carlos/.arduinocdt/packages/arduino/tools/avr-gcc/4.9.2-atmel3.5.4-arduino2/bin/../lib/gcc/avr/4.9.2/avr5\libgcc.a(_epilogue.o)
 .text.libgcc.fixed
                0x00000000        0x0 c:/users/carlos/.arduinocdt/packages/arduino/tools/avr-gcc/4.9.2-atmel3.5.4-arduino2/bin/../lib/gcc/avr/4.9.2/avr5\libgcc.a(_epilogue.o)
 .text          0x00000000        0x0 c:/users/carlos/.arduinocdt/packages/arduino/tools/avr-gcc/4.9.2-atmel3.5.4-arduino2/bin/../lib/gcc/avr/4.9.2/avr5\libgcc.a(_umulhisi3.o)
 .data          0x00000000        0x0 c:/users/carlos/.arduinocdt/packages/arduino/tools/avr-gcc/4.9.2-atmel3.5.4-arduino2/bin/../lib/gcc/avr/4.9.2/avr5\libgcc.a(_umulhisi3.o)
 .bss           0x00000000        0x0 c:/users/carlos/.arduinocdt/packages/arduino/tools/avr-gcc/4.9.2-atmel3.5.4-arduino2/bin/../lib/gcc/avr/4.9.2/avr5\libgcc.a(_umulhisi3.o)
 .text.libgcc.div
                0x00000000        0x0 c:/users/carlos/.arduinocdt/packages/arduino/tools/avr-gcc/4.9.2-atmel3.5.4-arduino2/bin/../lib/gcc/avr/4.9.2/avr5\libgcc.a(_umulhisi3.o)
 .text.libgcc   0x00000000        0x0 c:/users/carlos/.arduinocdt/packages/arduino/tools/avr-gcc/4.9.2-atmel3.5.4-arduino2/bin/../lib/gcc/avr/4.9.2/avr5\libgcc.a(_umulhisi3.o)
 .text.libgcc.prologue
                0x00000000        0x0 c:/users/carlos/.arduinocdt/packages/arduino/tools/avr-gcc/4.9.2-atmel3.5.4-arduino2/bin/../lib/gcc/avr/4.9.2/avr5\libgcc.a(_umulhisi3.o)
 .text.libgcc.builtins
                0x00000000        0x0 c:/users/carlos/.arduinocdt/packages/arduino/tools/avr-gcc/4.9.2-atmel3.5.4-arduino2/bin/../lib/gcc/avr/4.9.2/avr5\libgcc.a(_umulhisi3.o)
 .text.libgcc.fmul
                0x00000000        0x0 c:/users/carlos/.arduinocdt/packages/arduino/tools/avr-gcc/4.9.2-atmel3.5.4-arduino2/bin/../lib/gcc/avr/4.9.2/avr5\libgcc.a(_umulhisi3.o)
 .text.libgcc.fixed
                0x00000000        0x0 c:/users/carlos/.arduinocdt/packages/arduino/tools/avr-gcc/4.9.2-atmel3.5.4-arduino2/bin/../lib/gcc/avr/4.9.2/avr5\libgcc.a(_umulhisi3.o)
 .text          0x00000000        0x0 c:/users/carlos/.arduinocdt/packages/arduino/tools/avr-gcc/4.9.2-atmel3.5.4-arduino2/bin/../lib/gcc/avr/4.9.2/avr5\libgcc.a(_udivmodhi4.o)
 .data          0x00000000        0x0 c:/users/carlos/.arduinocdt/packages/arduino/tools/avr-gcc/4.9.2-atmel3.5.4-arduino2/bin/../lib/gcc/avr/4.9.2/avr5\libgcc.a(_udivmodhi4.o)
 .bss           0x00000000        0x0 c:/users/carlos/.arduinocdt/packages/arduino/tools/avr-gcc/4.9.2-atmel3.5.4-arduino2/bin/../lib/gcc/avr/4.9.2/avr5\libgcc.a(_udivmodhi4.o)
 .text.libgcc.mul
                0x00000000        0x0 c:/users/carlos/.arduinocdt/packages/arduino/tools/avr-gcc/4.9.2-atmel3.5.4-arduino2/bin/../lib/gcc/avr/4.9.2/avr5\libgcc.a(_udivmodhi4.o)
 .text.libgcc   0x00000000        0x0 c:/users/carlos/.arduinocdt/packages/arduino/tools/avr-gcc/4.9.2-atmel3.5.4-arduino2/bin/../lib/gcc/avr/4.9.2/avr5\libgcc.a(_udivmodhi4.o)
 .text.libgcc.prologue
                0x00000000        0x0 c:/users/carlos/.arduinocdt/packages/arduino/tools/avr-gcc/4.9.2-atmel3.5.4-arduino2/bin/../lib/gcc/avr/4.9.2/avr5\libgcc.a(_udivmodhi4.o)
 .text.libgcc.builtins
                0x00000000        0x0 c:/users/carlos/.arduinocdt/packages/arduino/tools/avr-gcc/4.9.2-atmel3.5.4-arduino2/bin/../lib/gcc/avr/4.9.2/avr5\libgcc.a(_udivmodhi4.o)
 .text.libgcc.fmul
                0x00000000        0x0 c:/users/carlos/.arduinocdt/packages/arduino/tools/avr-gcc/4.9.2-atmel3.5.4-arduino2/bin/../lib/gcc/avr/4.9.2/avr5\libgcc.a(_udivmodhi4.o)
 .text.libgcc.fixed
                0x00000000        0x0 c:/users/carlos/.arduinocdt/packages/arduino/tools/avr-gcc/4.9.2-atmel3.5.4-arduino2/bin/../lib/gcc/avr/4.9.2/avr5\libgcc.a(_udivmodhi4.o)
 .text          0x00000000        0x0 c:/users/carlos/.arduinocdt/packages/arduino/tools/avr-gcc/4.9.2-atmel3.5.4-arduino2/bin/../lib/gcc/avr/4.9.2/avr5\libgcc.a(_copy_data.o)
 .data          0x00000000        0x0 c:/users/carlos/.arduinocdt/packages/arduino/tools/avr-gcc/4.9.2-atmel3.5.4-arduino2/bin/../lib/gcc/avr/4.9.2/avr5\libgcc.a(_copy_data.o)
 .bss           0x00000000        0x0 c:/users/carlos/.arduinocdt/packages/arduino/tools/avr-gcc/4.9.2-atmel3.5.4-arduino2/bin/../lib/gcc/avr/4.9.2/avr5\libgcc.a(_copy_data.o)
 .text.libgcc.mul
                0x00000000        0x0 c:/users/carlos/.arduinocdt/packages/arduino/tools/avr-gcc/4.9.2-atmel3.5.4-arduino2/bin/../lib/gcc/avr/4.9.2/avr5\libgcc.a(_copy_data.o)
 .text.libgcc.div
                0x00000000        0x0 c:/users/carlos/.arduinocdt/packages/arduino/tools/avr-gcc/4.9.2-atmel3.5.4-arduino2/bin/../lib/gcc/avr/4.9.2/avr5\libgcc.a(_copy_data.o)
 .text.libgcc   0x00000000        0x0 c:/users/carlos/.arduinocdt/packages/arduino/tools/avr-gcc/4.9.2-atmel3.5.4-arduino2/bin/../lib/gcc/avr/4.9.2/avr5\libgcc.a(_copy_data.o)
 .text.libgcc.prologue
                0x00000000        0x0 c:/users/carlos/.arduinocdt/packages/arduino/tools/avr-gcc/4.9.2-atmel3.5.4-arduino2/bin/../lib/gcc/avr/4.9.2/avr5\libgcc.a(_copy_data.o)
 .text.libgcc.builtins
                0x00000000        0x0 c:/users/carlos/.arduinocdt/packages/arduino/tools/avr-gcc/4.9.2-atmel3.5.4-arduino2/bin/../lib/gcc/avr/4.9.2/avr5\libgcc.a(_copy_data.o)
 .text.libgcc.fmul
                0x00000000        0x0 c:/users/carlos/.arduinocdt/packages/arduino/tools/avr-gcc/4.9.2-atmel3.5.4-arduino2/bin/../lib/gcc/avr/4.9.2/avr5\libgcc.a(_copy_data.o)
 .text.libgcc.fixed
                0x00000000        0x0 c:/users/carlos/.arduinocdt/packages/arduino/tools/avr-gcc/4.9.2-atmel3.5.4-arduino2/bin/../lib/gcc/avr/4.9.2/avr5\libgcc.a(_copy_data.o)
 .text          0x00000000        0x0 c:/users/carlos/.arduinocdt/packages/arduino/tools/avr-gcc/4.9.2-atmel3.5.4-arduino2/bin/../lib/gcc/avr/4.9.2/../../../../avr/lib/avr5\libm.a(addsf3.o)
 .data          0x00000000        0x0 c:/users/carlos/.arduinocdt/packages/arduino/tools/avr-gcc/4.9.2-atmel3.5.4-arduino2/bin/../lib/gcc/avr/4.9.2/../../../../avr/lib/avr5\libm.a(addsf3.o)
 .bss           0x00000000        0x0 c:/users/carlos/.arduinocdt/packages/arduino/tools/avr-gcc/4.9.2-atmel3.5.4-arduino2/bin/../lib/gcc/avr/4.9.2/../../../../avr/lib/avr5\libm.a(addsf3.o)
 .text          0x00000000        0x0 c:/users/carlos/.arduinocdt/packages/arduino/tools/avr-gcc/4.9.2-atmel3.5.4-arduino2/bin/../lib/gcc/avr/4.9.2/../../../../avr/lib/avr5\libm.a(addsf3x.o)
 .data          0x00000000        0x0 c:/users/carlos/.arduinocdt/packages/arduino/tools/avr-gcc/4.9.2-atmel3.5.4-arduino2/bin/../lib/gcc/avr/4.9.2/../../../../avr/lib/avr5\libm.a(addsf3x.o)
 .bss           0x00000000        0x0 c:/users/carlos/.arduinocdt/packages/arduino/tools/avr-gcc/4.9.2-atmel3.5.4-arduino2/bin/../lib/gcc/avr/4.9.2/../../../../avr/lib/avr5\libm.a(addsf3x.o)
 .text          0x00000000        0x0 c:/users/carlos/.arduinocdt/packages/arduino/tools/avr-gcc/4.9.2-atmel3.5.4-arduino2/bin/../lib/gcc/avr/4.9.2/../../../../avr/lib/avr5\libm.a(divsf3.o)
 .data          0x00000000        0x0 c:/users/carlos/.arduinocdt/packages/arduino/tools/avr-gcc/4.9.2-atmel3.5.4-arduino2/bin/../lib/gcc/avr/4.9.2/../../../../avr/lib/avr5\libm.a(divsf3.o)
 .bss           0x00000000        0x0 c:/users/carlos/.arduinocdt/packages/arduino/tools/avr-gcc/4.9.2-atmel3.5.4-arduino2/bin/../lib/gcc/avr/4.9.2/../../../../avr/lib/avr5\libm.a(divsf3.o)
 .text          0x00000000        0x0 c:/users/carlos/.arduinocdt/packages/arduino/tools/avr-gcc/4.9.2-atmel3.5.4-arduino2/bin/../lib/gcc/avr/4.9.2/../../../../avr/lib/avr5\libm.a(divsf3x.o)
 .data          0x00000000        0x0 c:/users/carlos/.arduinocdt/packages/arduino/tools/avr-gcc/4.9.2-atmel3.5.4-arduino2/bin/../lib/gcc/avr/4.9.2/../../../../avr/lib/avr5\libm.a(divsf3x.o)
 .bss           0x00000000        0x0 c:/users/carlos/.arduinocdt/packages/arduino/tools/avr-gcc/4.9.2-atmel3.5.4-arduino2/bin/../lib/gcc/avr/4.9.2/../../../../avr/lib/avr5\libm.a(divsf3x.o)
 .text          0x00000000        0x0 c:/users/carlos/.arduinocdt/packages/arduino/tools/avr-gcc/4.9.2-atmel3.5.4-arduino2/bin/../lib/gcc/avr/4.9.2/../../../../avr/lib/avr5\libm.a(fixunssfsi.o)
 .data          0x00000000        0x0 c:/users/carlos/.arduinocdt/packages/arduino/tools/avr-gcc/4.9.2-atmel3.5.4-arduino2/bin/../lib/gcc/avr/4.9.2/../../../../avr/lib/avr5\libm.a(fixunssfsi.o)
 .bss           0x00000000        0x0 c:/users/carlos/.arduinocdt/packages/arduino/tools/avr-gcc/4.9.2-atmel3.5.4-arduino2/bin/../lib/gcc/avr/4.9.2/../../../../avr/lib/avr5\libm.a(fixunssfsi.o)
 .text          0x00000000        0x0 c:/users/carlos/.arduinocdt/packages/arduino/tools/avr-gcc/4.9.2-atmel3.5.4-arduino2/bin/../lib/gcc/avr/4.9.2/../../../../avr/lib/avr5\libm.a(gesf2.o)
 .data          0x00000000        0x0 c:/users/carlos/.arduinocdt/packages/arduino/tools/avr-gcc/4.9.2-atmel3.5.4-arduino2/bin/../lib/gcc/avr/4.9.2/../../../../avr/lib/avr5\libm.a(gesf2.o)
 .bss           0x00000000        0x0 c:/users/carlos/.arduinocdt/packages/arduino/tools/avr-gcc/4.9.2-atmel3.5.4-arduino2/bin/../lib/gcc/avr/4.9.2/../../../../avr/lib/avr5\libm.a(gesf2.o)
 .text          0x00000000        0x0 c:/users/carlos/.arduinocdt/packages/arduino/tools/avr-gcc/4.9.2-atmel3.5.4-arduino2/bin/../lib/gcc/avr/4.9.2/../../../../avr/lib/avr5\libc.a(malloc.o)
 .bss           0x00000000        0x0 c:/users/carlos/.arduinocdt/packages/arduino/tools/avr-gcc/4.9.2-atmel3.5.4-arduino2/bin/../lib/gcc/avr/4.9.2/../../../../avr/lib/avr5\libc.a(malloc.o)
 .text          0x00000000        0x0 c:/users/carlos/.arduinocdt/packages/arduino/tools/avr-gcc/4.9.2-atmel3.5.4-arduino2/bin/../lib/gcc/avr/4.9.2/../../../../avr/lib/avr5\libc.a(realloc.o)
 .data          0x00000000        0x0 c:/users/carlos/.arduinocdt/packages/arduino/tools/avr-gcc/4.9.2-atmel3.5.4-arduino2/bin/../lib/gcc/avr/4.9.2/../../../../avr/lib/avr5\libc.a(realloc.o)
 .bss           0x00000000        0x0 c:/users/carlos/.arduinocdt/packages/arduino/tools/avr-gcc/4.9.2-atmel3.5.4-arduino2/bin/../lib/gcc/avr/4.9.2/../../../../avr/lib/avr5\libc.a(realloc.o)
 .text          0x00000000        0x0 c:/users/carlos/.arduinocdt/packages/arduino/tools/avr-gcc/4.9.2-atmel3.5.4-arduino2/bin/../lib/gcc/avr/4.9.2/../../../../avr/lib/avr5\libc.a(memcpy.o)
 .data          0x00000000        0x0 c:/users/carlos/.arduinocdt/packages/arduino/tools/avr-gcc/4.9.2-atmel3.5.4-arduino2/bin/../lib/gcc/avr/4.9.2/../../../../avr/lib/avr5\libc.a(memcpy.o)
 .bss           0x00000000        0x0 c:/users/carlos/.arduinocdt/packages/arduino/tools/avr-gcc/4.9.2-atmel3.5.4-arduino2/bin/../lib/gcc/avr/4.9.2/../../../../avr/lib/avr5\libc.a(memcpy.o)
 .text          0x00000000        0x0 c:/users/carlos/.arduinocdt/packages/arduino/tools/avr-gcc/4.9.2-atmel3.5.4-arduino2/bin/../lib/gcc/avr/4.9.2/../../../../avr/lib/avr5\libc.a(strcpy.o)
 .data          0x00000000        0x0 c:/users/carlos/.arduinocdt/packages/arduino/tools/avr-gcc/4.9.2-atmel3.5.4-arduino2/bin/../lib/gcc/avr/4.9.2/../../../../avr/lib/avr5\libc.a(strcpy.o)
 .bss           0x00000000        0x0 c:/users/carlos/.arduinocdt/packages/arduino/tools/avr-gcc/4.9.2-atmel3.5.4-arduino2/bin/../lib/gcc/avr/4.9.2/../../../../avr/lib/avr5\libc.a(strcpy.o)

Memory Configuration

Name             Origin             Length             Attributes
text             0x00000000         0x00020000         xr
data             0x00800060         0x0000ffa0         rw !x
eeprom           0x00810000         0x00010000         rw !x
fuse             0x00820000         0x00000003         rw !x
lock             0x00830000         0x00000400         rw !x
signature        0x00840000         0x00000400         rw !x
user_signatures  0x00850000         0x00000400         rw !x
*default*        0x00000000         0xffffffff

Linker script and memory map

Address of section .data set to 0x800100
LOAD c:/users/carlos/.arduinocdt/packages/arduino/tools/avr-gcc/4.9.2-atmel3.5.4-arduino2/bin/../lib/gcc/avr/4.9.2/../../../../avr/lib/avr5/crtatmega328p.o
LOAD CMakeFiles/alc-ATMEGA328P.elf.dir/Source/main.cpp.obj
LOAD C:\Users\carlos\AppData\Local\Temp\ccTzs5ZY.ltrans0.ltrans.o
LOAD C:\Users\carlos\AppData\Local\Temp\ccTzs5ZY.ltrans1.ltrans.o
LOAD CMakeFiles/alc-ATMEGA328P.elf.dir/Source/LCD/LCD.cpp.obj
LOAD CMakeFiles/alc-ATMEGA328P.elf.dir/Source/GPIO/GPIO.cpp.obj
LOAD CMakeFiles/alc-ATMEGA328P.elf.dir/Source/GPIO/FastPWMPin.cpp.obj
LOAD CMakeFiles/alc-ATMEGA328P.elf.dir/Source/GPIO/AnalogPin.cpp.obj
LOAD CMakeFiles/alc-ATMEGA328P.elf.dir/Source/LCD/WString.cpp.obj
LOAD CMakeFiles/alc-ATMEGA328P.elf.dir/Source/LCD/Print.cpp.obj
LOAD CMakeFiles/alc-ATMEGA328P.elf.dir/Source/Menu/Menu.cpp.obj
LOAD CMakeFiles/alc-ATMEGA328P.elf.dir/Source/Menu/ApplicationMenu.cpp.obj
LOAD CMakeFiles/alc-ATMEGA328P.elf.dir/Source/USER_IO/RotaryEncoder.cpp.obj
LOAD c:/users/carlos/.arduinocdt/packages/arduino/tools/avr-gcc/4.9.2-atmel3.5.4-arduino2/bin/../lib/gcc/avr/4.9.2/avr5\libgcc.a
LOAD c:/users/carlos/.arduinocdt/packages/arduino/tools/avr-gcc/4.9.2-atmel3.5.4-arduino2/bin/../lib/gcc/avr/4.9.2/../../../../avr/lib/avr5\libm.a
START GROUP
LOAD c:/users/carlos/.arduinocdt/packages/arduino/tools/avr-gcc/4.9.2-atmel3.5.4-arduino2/bin/../lib/gcc/avr/4.9.2/avr5\libgcc.a
LOAD c:/users/carlos/.arduinocdt/packages/arduino/tools/avr-gcc/4.9.2-atmel3.5.4-arduino2/bin/../lib/gcc/avr/4.9.2/../../../../avr/lib/avr5\libm.a
LOAD c:/users/carlos/.arduinocdt/packages/arduino/tools/avr-gcc/4.9.2-atmel3.5.4-arduino2/bin/../lib/gcc/avr/4.9.2/../../../../avr/lib/avr5\libc.a
LOAD c:/users/carlos/.arduinocdt/packages/arduino/tools/avr-gcc/4.9.2-atmel3.5.4-arduino2/bin/../lib/gcc/avr/4.9.2/../../../../avr/lib/avr5\libatmega328p.a
END GROUP
                0x00020000                __TEXT_REGION_LENGTH__ = DEFINED (__TEXT_REGION_LENGTH__)?__TEXT_REGION_LENGTH__:0x20000
                0x0000ffa0                __DATA_REGION_LENGTH__ = DEFINED (__DATA_REGION_LENGTH__)?__DATA_REGION_LENGTH__:0xffa0
                0x00010000                __EEPROM_REGION_LENGTH__ = DEFINED (__EEPROM_REGION_LENGTH__)?__EEPROM_REGION_LENGTH__:0x10000
                [0x00000003]                __FUSE_REGION_LENGTH__ = DEFINED (__FUSE_REGION_LENGTH__)?__FUSE_REGION_LENGTH__:0x400
                0x00000400                __LOCK_REGION_LENGTH__ = DEFINED (__LOCK_REGION_LENGTH__)?__LOCK_REGION_LENGTH__:0x400
                0x00000400                __SIGNATURE_REGION_LENGTH__ = DEFINED (__SIGNATURE_REGION_LENGTH__)?__SIGNATURE_REGION_LENGTH__:0x400
                0x00000400                __USER_SIGNATURE_REGION_LENGTH__ = DEFINED (__USER_SIGNATURE_REGION_LENGTH__)?__USER_SIGNATURE_REGION_LENGTH__:0x400

.hash
 *(.hash)

.dynsym
 *(.dynsym)

.dynstr
 *(.dynstr)

.gnu.version
 *(.gnu.version)

.gnu.version_d
 *(.gnu.version_d)

.gnu.version_r
 *(.gnu.version_r)

.rel.init
 *(.rel.init)

.rela.init
 *(.rela.init)

.rel.text
 *(.rel.text)
 *(.rel.text.*)
 *(.rel.gnu.linkonce.t*)

.rela.text
 *(.rela.text)
 *(.rela.text.*)
 *(.rela.gnu.linkonce.t*)

.rel.fini
 *(.rel.fini)

.rela.fini
 *(.rela.fini)

.rel.rodata
 *(.rel.rodata)
 *(.rel.rodata.*)
 *(.rel.gnu.linkonce.r*)

.rela.rodata
 *(.rela.rodata)
 *(.rela.rodata.*)
 *(.rela.gnu.linkonce.r*)

.rel.data
 *(.rel.data)
 *(.rel.data.*)
 *(.rel.gnu.linkonce.d*)

.rela.data
 *(.rela.data)
 *(.rela.data.*)
 *(.rela.gnu.linkonce.d*)

.rel.ctors
 *(.rel.ctors)

.rela.ctors
 *(.rela.ctors)

.rel.dtors
 *(.rel.dtors)

.rela.dtors
 *(.rela.dtors)

.rel.got
 *(.rel.got)

.rela.got
 *(.rela.got)

.rel.bss
 *(.rel.bss)

.rela.bss
 *(.rela.bss)

.rel.plt
 *(.rel.plt)

.rela.plt
 *(.rela.plt)

.text           0x00000000     0x247c
 *(.vectors)
 .vectors       0x00000000       0x68 c:/users/carlos/.arduinocdt/packages/arduino/tools/avr-gcc/4.9.2-atmel3.5.4-arduino2/bin/../lib/gcc/avr/4.9.2/../../../../avr/lib/avr5/crtatmega328p.o
                0x00000000                __vector_default
                0x00000000                __vectors
 *(.vectors)
 *(.progmem.gcc*)
                0x00000068                . = ALIGN (0x2)
                0x00000068                __trampolines_start = .
 *(.trampolines)
 .trampolines   0x00000068        0x0 linker stubs
 *(.trampolines*)
                0x00000068                __trampolines_end = .
 *libprintf_flt.a:*(.progmem.data)
 *libc.a:*(.progmem.data)
 *(.progmem*)
                0x00000068                . = ALIGN (0x2)
 *(.jumptables)
 *(.jumptables*)
 *(.lowtext)
 *(.lowtext*)
                0x00000068                __ctors_start = .
 *(.ctors)
                0x00000068                __ctors_end = .
                0x00000068                __dtors_start = .
 *(.dtors)
                0x00000068                __dtors_end = .
 SORT(*)(.ctors)
 SORT(*)(.dtors)
 *(.init0)
 .init0         0x00000068        0x0 c:/users/carlos/.arduinocdt/packages/arduino/tools/avr-gcc/4.9.2-atmel3.5.4-arduino2/bin/../lib/gcc/avr/4.9.2/../../../../avr/lib/avr5/crtatmega328p.o
                0x00000068                __init
 *(.init0)
 *(.init1)
 *(.init1)
 *(.init2)
 .init2         0x00000068        0xc c:/users/carlos/.arduinocdt/packages/arduino/tools/avr-gcc/4.9.2-atmel3.5.4-arduino2/bin/../lib/gcc/avr/4.9.2/../../../../avr/lib/avr5/crtatmega328p.o
 *(.init2)
 *(.init3)
 *(.init3)
 *(.init4)
 .init4         0x00000074       0x10 c:/users/carlos/.arduinocdt/packages/arduino/tools/avr-gcc/4.9.2-atmel3.5.4-arduino2/bin/../lib/gcc/avr/4.9.2/avr5\libgcc.a(_clear_bss.o)
                0x00000074                __do_clear_bss
 .init4         0x00000084       0x16 c:/users/carlos/.arduinocdt/packages/arduino/tools/avr-gcc/4.9.2-atmel3.5.4-arduino2/bin/../lib/gcc/avr/4.9.2/avr5\libgcc.a(_copy_data.o)
                0x00000084                __do_copy_data
 *(.init4)
 *(.init5)
 *(.init5)
 *(.init6)
 *(.init6)
 *(.init7)
 *(.init7)
 *(.init8)
 *(.init8)
 *(.init9)
 .init9         0x0000009a        0x8 c:/users/carlos/.arduinocdt/packages/arduino/tools/avr-gcc/4.9.2-atmel3.5.4-arduino2/bin/../lib/gcc/avr/4.9.2/../../../../avr/lib/avr5/crtatmega328p.o
 *(.init9)
 *(.text)
 .text          0x000000a2        0x2 c:/users/carlos/.arduinocdt/packages/arduino/tools/avr-gcc/4.9.2-atmel3.5.4-arduino2/bin/../lib/gcc/avr/4.9.2/../../../../avr/lib/avr5/crtatmega328p.o
                0x000000a2                __vector_22
                0x000000a2                __vector_1
                0x000000a2                __vector_24
                0x000000a2                __vector_12
                0x000000a2                __bad_interrupt
                0x000000a2                __vector_6
                0x000000a2                __vector_23
                0x000000a2                __vector_25
                0x000000a2                __vector_11
                0x000000a2                __vector_13
                0x000000a2                __vector_17
                0x000000a2                __vector_19
                0x000000a2                __vector_7
                0x000000a2                __vector_5
                0x000000a2                __vector_4
                0x000000a2                __vector_9
                0x000000a2                __vector_2
                0x000000a2                __vector_21
                0x000000a2                __vector_15
                0x000000a2                __vector_8
                0x000000a2                __vector_14
                0x000000a2                __vector_10
                0x000000a2                __vector_16
                0x000000a2                __vector_18
                0x000000a2                __vector_20
 .text          0x000000a4      0xb54 C:\Users\carlos\AppData\Local\Temp\ccTzs5ZY.ltrans0.ltrans.o
                0x000000a4                _ZN13LiquidCrystal13PinCollectionaSEh
                0x0000037e                _ZN13LiquidCrystal11pulseEnableEv
 .text          0x00000bf8      0x894 C:\Users\carlos\AppData\Local\Temp\ccTzs5ZY.ltrans1.ltrans.o
                0x00000bf8                _ZN3Pin9setOutputEb.constprop.5
                0x00000c56                _ZN13LiquidCrystal4sendEhb.constprop.3
                0x00000fba                __vector_3
                0x000010aa                _ZN15ApplicationMenu13getTempStringEjNS_9TempUnityE
                0x0000148c                . = ALIGN (0x2)
 *(.text.*)
 .text.startup  0x0000148c      0x6ba C:\Users\carlos\AppData\Local\Temp\ccTzs5ZY.ltrans0.ltrans.o
                0x0000148c                main
 .text.avr-libc
                0x00001b46       0x32 c:/users/carlos/.arduinocdt/packages/arduino/tools/avr-gcc/4.9.2-atmel3.5.4-arduino2/bin/../lib/gcc/avr/4.9.2/../../../../avr/lib/avr5\libc.a(utoa_ncheck.o)
                0x00001b46                __utoa_ncheck
                0x00001b48                __utoa_common
 .text.avr-libc
                0x00001b78       0x20 c:/users/carlos/.arduinocdt/packages/arduino/tools/avr-gcc/4.9.2-atmel3.5.4-arduino2/bin/../lib/gcc/avr/4.9.2/../../../../avr/lib/avr5\libc.a(strrev.o)
                0x00001b78                strrev
 .text.avr-libc.fplib
                0x00001b98        0x8 c:/users/carlos/.arduinocdt/packages/arduino/tools/avr-gcc/4.9.2-atmel3.5.4-arduino2/bin/../lib/gcc/avr/4.9.2/../../../../avr/lib/avr5\libc.a(cmpsf2.o)
                0x00001b98                __nesf2
                0x00001b98                __eqsf2
                0x00001b98                __cmpsf2
                0x00001b98                __ltsf2
                0x00001b98                __lesf2
 .text.avr-libc.fplib
                0x00001ba0       0x7a c:/users/carlos/.arduinocdt/packages/arduino/tools/avr-gcc/4.9.2-atmel3.5.4-arduino2/bin/../lib/gcc/avr/4.9.2/../../../../avr/lib/avr5\libc.a(floatsisf.o)
                0x00001ba0                __floatunsisf
                0x00001ba4                __floatsisf
 .text.avr-libc.fplib
                0x00001c1a       0x48 c:/users/carlos/.arduinocdt/packages/arduino/tools/avr-gcc/4.9.2-atmel3.5.4-arduino2/bin/../lib/gcc/avr/4.9.2/../../../../avr/lib/avr5\libc.a(fp_cmp.o)
                0x00001c1a                __fp_cmp
 .text.avr-libc.fplib
                0x00001c62        0x4 c:/users/carlos/.arduinocdt/packages/arduino/tools/avr-gcc/4.9.2-atmel3.5.4-arduino2/bin/../lib/gcc/avr/4.9.2/../../../../avr/lib/avr5\libc.a(mulsf3.o)
                0x00001c62                __mulsf3
 .text.avr-libc.fplib
                0x00001c66       0xc2 c:/users/carlos/.arduinocdt/packages/arduino/tools/avr-gcc/4.9.2-atmel3.5.4-arduino2/bin/../lib/gcc/avr/4.9.2/../../../../avr/lib/avr5\libc.a(mulsf3x.o)
                0x00001c7a                __mulsf3x
                0x00001c7e                __mulsf3_pse
 .text.avr-libc.fplib
                0x00001d28        0xc c:/users/carlos/.arduinocdt/packages/arduino/tools/avr-gcc/4.9.2-atmel3.5.4-arduino2/bin/../lib/gcc/avr/4.9.2/../../../../avr/lib/avr5\libc.a(fp_inf.o)
                0x00001d28                __fp_inf
 .text.avr-libc.fplib
                0x00001d34        0x6 c:/users/carlos/.arduinocdt/packages/arduino/tools/avr-gcc/4.9.2-atmel3.5.4-arduino2/bin/../lib/gcc/avr/4.9.2/../../../../avr/lib/avr5\libc.a(fp_nan.o)
                0x00001d34                __fp_nan
 .text.avr-libc.fplib
                0x00001d3a        0xe c:/users/carlos/.arduinocdt/packages/arduino/tools/avr-gcc/4.9.2-atmel3.5.4-arduino2/bin/../lib/gcc/avr/4.9.2/../../../../avr/lib/avr5\libc.a(fp_pscA.o)
                0x00001d3a                __fp_pscA
 .text.avr-libc.fplib
                0x00001d48        0xe c:/users/carlos/.arduinocdt/packages/arduino/tools/avr-gcc/4.9.2-atmel3.5.4-arduino2/bin/../lib/gcc/avr/4.9.2/../../../../avr/lib/avr5\libc.a(fp_pscB.o)
                0x00001d48                __fp_pscB
 .text.avr-libc.fplib
                0x00001d56       0x22 c:/users/carlos/.arduinocdt/packages/arduino/tools/avr-gcc/4.9.2-atmel3.5.4-arduino2/bin/../lib/gcc/avr/4.9.2/../../../../avr/lib/avr5\libc.a(fp_round.o)
                0x00001d56                __fp_round
 .text.avr-libc.fplib
                0x00001d78       0x44 c:/users/carlos/.arduinocdt/packages/arduino/tools/avr-gcc/4.9.2-atmel3.5.4-arduino2/bin/../lib/gcc/avr/4.9.2/../../../../avr/lib/avr5\libc.a(fp_split3.o)
                0x00001d78                __fp_split3
                0x00001d88                __fp_splitA
 .text.avr-libc.fplib
                0x00001dbc        0xe c:/users/carlos/.arduinocdt/packages/arduino/tools/avr-gcc/4.9.2-atmel3.5.4-arduino2/bin/../lib/gcc/avr/4.9.2/../../../../avr/lib/avr5\libc.a(fp_zero.o)
                0x00001dbc                __fp_zero
                0x00001dbe                __fp_szero
 .text.libgcc.prologue
                0x00001dca       0x38 c:/users/carlos/.arduinocdt/packages/arduino/tools/avr-gcc/4.9.2-atmel3.5.4-arduino2/bin/../lib/gcc/avr/4.9.2/avr5\libgcc.a(_prologue.o)
                0x00001dca                __prologue_saves__
 .text.libgcc.prologue
                0x00001e02       0x36 c:/users/carlos/.arduinocdt/packages/arduino/tools/avr-gcc/4.9.2-atmel3.5.4-arduino2/bin/../lib/gcc/avr/4.9.2/avr5\libgcc.a(_epilogue.o)
                0x00001e02                __epilogue_restores__
 .text.libgcc.mul
                0x00001e38       0x1e c:/users/carlos/.arduinocdt/packages/arduino/tools/avr-gcc/4.9.2-atmel3.5.4-arduino2/bin/../lib/gcc/avr/4.9.2/avr5\libgcc.a(_umulhisi3.o)
                0x00001e38                __umulhisi3
 .text.libgcc.div
                0x00001e56       0x28 c:/users/carlos/.arduinocdt/packages/arduino/tools/avr-gcc/4.9.2-atmel3.5.4-arduino2/bin/../lib/gcc/avr/4.9.2/avr5\libgcc.a(_udivmodhi4.o)
                0x00001e56                __udivmodhi4
 .text.avr-libc.fplib
                0x00001e7e        0xa c:/users/carlos/.arduinocdt/packages/arduino/tools/avr-gcc/4.9.2-atmel3.5.4-arduino2/bin/../lib/gcc/avr/4.9.2/../../../../avr/lib/avr5\libm.a(addsf3.o)
                0x00001e7e                __subsf3
                0x00001e80                __addsf3
 .text.avr-libc.fplib
                0x00001e88       0xc0 c:/users/carlos/.arduinocdt/packages/arduino/tools/avr-gcc/4.9.2-atmel3.5.4-arduino2/bin/../lib/gcc/avr/4.9.2/../../../../avr/lib/avr5\libm.a(addsf3x.o)
                0x00001ea2                __addsf3x
 .text.avr-libc.fplib
                0x00001f48        0x4 c:/users/carlos/.arduinocdt/packages/arduino/tools/avr-gcc/4.9.2-atmel3.5.4-arduino2/bin/../lib/gcc/avr/4.9.2/../../../../avr/lib/avr5\libm.a(divsf3.o)
                0x00001f48                __divsf3
 .text.avr-libc.fplib
                0x00001f4c       0xcc c:/users/carlos/.arduinocdt/packages/arduino/tools/avr-gcc/4.9.2-atmel3.5.4-arduino2/bin/../lib/gcc/avr/4.9.2/../../../../avr/lib/avr5\libm.a(divsf3x.o)
                0x00001f62                __divsf3x
                0x00001f66                __divsf3_pse
 .text.avr-libc.fplib
                0x00002018       0x58 c:/users/carlos/.arduinocdt/packages/arduino/tools/avr-gcc/4.9.2-atmel3.5.4-arduino2/bin/../lib/gcc/avr/4.9.2/../../../../avr/lib/avr5\libm.a(fixunssfsi.o)
                0x00002018                __fixunssfsi
 .text.avr-libc.fplib
                0x00002070        0x8 c:/users/carlos/.arduinocdt/packages/arduino/tools/avr-gcc/4.9.2-atmel3.5.4-arduino2/bin/../lib/gcc/avr/4.9.2/../../../../avr/lib/avr5\libm.a(gesf2.o)
                0x00002070                __gesf2
                0x00002070                __gtsf2
 .text.avr-libc
                0x00002078      0x25a c:/users/carlos/.arduinocdt/packages/arduino/tools/avr-gcc/4.9.2-atmel3.5.4-arduino2/bin/../lib/gcc/avr/4.9.2/../../../../avr/lib/avr5\libc.a(malloc.o)
                0x00002078                malloc
                0x000021a2                free
 .text.avr-libc
                0x000022d2      0x186 c:/users/carlos/.arduinocdt/packages/arduino/tools/avr-gcc/4.9.2-atmel3.5.4-arduino2/bin/../lib/gcc/avr/4.9.2/../../../../avr/lib/avr5\libc.a(realloc.o)
                0x000022d2                realloc
 .text.avr-libc
                0x00002458       0x12 c:/users/carlos/.arduinocdt/packages/arduino/tools/avr-gcc/4.9.2-atmel3.5.4-arduino2/bin/../lib/gcc/avr/4.9.2/../../../../avr/lib/avr5\libc.a(memcpy.o)
                0x00002458                memcpy
 .text.avr-libc
                0x0000246a        0xe c:/users/carlos/.arduinocdt/packages/arduino/tools/avr-gcc/4.9.2-atmel3.5.4-arduino2/bin/../lib/gcc/avr/4.9.2/../../../../avr/lib/avr5\libc.a(strcpy.o)
                0x0000246a                strcpy
                0x00002478                . = ALIGN (0x2)
 *(.fini9)
 .fini9         0x00002478        0x0 c:/users/carlos/.arduinocdt/packages/arduino/tools/avr-gcc/4.9.2-atmel3.5.4-arduino2/bin/../lib/gcc/avr/4.9.2/avr5\libgcc.a(_exit.o)
                0x00002478                _exit
                0x00002478                exit
 *(.fini9)
 *(.fini8)
 *(.fini8)
 *(.fini7)
 *(.fini7)
 *(.fini6)
 *(.fini6)
 *(.fini5)
 *(.fini5)
 *(.fini4)
 *(.fini4)
 *(.fini3)
 *(.fini3)
 *(.fini2)
 *(.fini2)
 *(.fini1)
 *(.fini1)
 *(.fini0)
 .fini0         0x00002478        0x4 c:/users/carlos/.arduinocdt/packages/arduino/tools/avr-gcc/4.9.2-atmel3.5.4-arduino2/bin/../lib/gcc/avr/4.9.2/avr5\libgcc.a(_exit.o)
 *(.fini0)
                0x0000247c                _etext = .

.data           0x00800100       0xd0 load address 0x0000247c
                0x00800100                PROVIDE (__data_start, .)
 *(.data)
 .data          0x00800100        0x6 c:/users/carlos/.arduinocdt/packages/arduino/tools/avr-gcc/4.9.2-atmel3.5.4-arduino2/bin/../lib/gcc/avr/4.9.2/../../../../avr/lib/avr5\libc.a(malloc.o)
                0x00800100                __malloc_heap_end
                0x00800102                __malloc_heap_start
                0x00800104                __malloc_margin
 *(.data*)
 *(.rodata)
 .rodata        0x00800106       0x1c C:\Users\carlos\AppData\Local\Temp\ccTzs5ZY.ltrans0.ltrans.o
 .rodata        0x00800122       0xa8 C:\Users\carlos\AppData\Local\Temp\ccTzs5ZY.ltrans1.ltrans.o
                0x00800122                _ZL10pinStructs.lto_priv.10
 *(.rodata*)
 .rodata.str1.1
                0x008001ca        0x6 C:\Users\carlos\AppData\Local\Temp\ccTzs5ZY.ltrans0.ltrans.o
 *(.gnu.linkonce.d*)
                0x008001d0                . = ALIGN (0x2)
                0x008001d0                _edata = .
                0x008001d0                PROVIDE (__data_end, .)

.bss            0x008001d0        0x8
                0x008001d0                PROVIDE (__bss_start, .)
 *(.bss)
 .bss           0x008001d0        0x2 C:\Users\carlos\AppData\Local\Temp\ccTzs5ZY.ltrans0.ltrans.o
 .bss           0x008001d2        0x2 C:\Users\carlos\AppData\Local\Temp\ccTzs5ZY.ltrans1.ltrans.o
                0x008001d2                _ZL17thisRotaryEncoder.lto_priv.11
 *(.bss*)
 *(COMMON)
 COMMON         0x008001d4        0x4 c:/users/carlos/.arduinocdt/packages/arduino/tools/avr-gcc/4.9.2-atmel3.5.4-arduino2/bin/../lib/gcc/avr/4.9.2/../../../../avr/lib/avr5\libc.a(malloc.o)
                0x008001d4                __brkval
                0x008001d6                __flp
                0x008001d8                PROVIDE (__bss_end, .)
                0x0000247c                __data_load_start = LOADADDR (.data)
                0x0000254c                __data_load_end = (__data_load_start + SIZEOF (.data))

.noinit         0x008001d8        0x0
                [!provide]                PROVIDE (__noinit_start, .)
 *(.noinit*)
                [!provide]                PROVIDE (__noinit_end, .)
                0x008001d8                _end = .
                0x008001d8                PROVIDE (__heap_start, .)

.eeprom         0x00810000        0x0
 *(.eeprom*)
                0x00810000                __eeprom_end = .

.fuse
 *(.fuse)
 *(.lfuse)
 *(.hfuse)
 *(.efuse)

.lock
 *(.lock*)

.signature
 *(.signature*)

.user_signatures
 *(.user_signatures*)

.stab
 *(.stab)

.stabstr
 *(.stabstr)

.stab.excl
 *(.stab.excl)

.stab.exclstr
 *(.stab.exclstr)

.stab.index
 *(.stab.index)

.stab.indexstr
 *(.stab.indexstr)

.comment        0x00000000       0x11
 *(.comment)
 .comment       0x00000000       0x11 C:\Users\carlos\AppData\Local\Temp\ccTzs5ZY.ltrans0.ltrans.o
                                 0x12 (size before relaxing)
 .comment       0x00000011       0x12 C:\Users\carlos\AppData\Local\Temp\ccTzs5ZY.ltrans1.ltrans.o
 .comment       0x00000011       0x12 c:/users/carlos/.arduinocdt/packages/arduino/tools/avr-gcc/4.9.2-atmel3.5.4-arduino2/bin/../lib/gcc/avr/4.9.2/../../../../avr/lib/avr5\libc.a(malloc.o)
 .comment       0x00000011       0x12 c:/users/carlos/.arduinocdt/packages/arduino/tools/avr-gcc/4.9.2-atmel3.5.4-arduino2/bin/../lib/gcc/avr/4.9.2/../../../../avr/lib/avr5\libc.a(realloc.o)

.note.gnu.avr.deviceinfo
                0x00000000       0x40
 .note.gnu.avr.deviceinfo
                0x00000000       0x40 c:/users/carlos/.arduinocdt/packages/arduino/tools/avr-gcc/4.9.2-atmel3.5.4-arduino2/bin/../lib/gcc/avr/4.9.2/../../../../avr/lib/avr5/crtatmega328p.o

.note.gnu.build-id
 *(.note.gnu.build-id)

.debug
 *(.debug)

.line
 *(.line)

.debug_srcinfo
 *(.debug_srcinfo)

.debug_sfnames
 *(.debug_sfnames)

.debug_aranges
 *(.debug_aranges)

.debug_pubnames
 *(.debug_pubnames)

.debug_info     0x00000000      0x5f4
 *(.debug_info .gnu.linkonce.wi.*)
 .debug_info    0x00000000      0x5f4 c:/users/carlos/.arduinocdt/packages/arduino/tools/avr-gcc/4.9.2-atmel3.5.4-arduino2/bin/../lib/gcc/avr/4.9.2/../../../../avr/lib/avr5/crtatmega328p.o

.debug_abbrev   0x00000000      0x5a2
 *(.debug_abbrev)
 .debug_abbrev  0x00000000      0x5a2 c:/users/carlos/.arduinocdt/packages/arduino/tools/avr-gcc/4.9.2-atmel3.5.4-arduino2/bin/../lib/gcc/avr/4.9.2/../../../../avr/lib/avr5/crtatmega328p.o

.debug_line     0x00000000       0x1a
 *(.debug_line .debug_line.* .debug_line_end)
 .debug_line    0x00000000       0x1a c:/users/carlos/.arduinocdt/packages/arduino/tools/avr-gcc/4.9.2-atmel3.5.4-arduino2/bin/../lib/gcc/avr/4.9.2/../../../../avr/lib/avr5/crtatmega328p.o

.debug_frame
 *(.debug_frame)

.debug_str      0x00000000      0x208
 *(.debug_str)
 .debug_str     0x00000000      0x208 c:/users/carlos/.arduinocdt/packages/arduino/tools/avr-gcc/4.9.2-atmel3.5.4-arduino2/bin/../lib/gcc/avr/4.9.2/../../../../avr/lib/avr5/crtatmega328p.o

.debug_loc
 *(.debug_loc)

.debug_macinfo
 *(.debug_macinfo)

.debug_weaknames
 *(.debug_weaknames)

.debug_funcnames
 *(.debug_funcnames)

.debug_typenames
 *(.debug_typenames)

.debug_varnames
 *(.debug_varnames)

.debug_pubtypes
 *(.debug_pubtypes)

.debug_ranges
 *(.debug_ranges)

.debug_macro
 *(.debug_macro)
OUTPUT(alc-ATMEGA328P.elf elf32-avr)
LOAD linker stubs
